<html>
<body>
<pre>
<h1>µVision Build Log</h1>
<h2>Tool Versions:</h2>
IDE-Version: ¦ÌVision V5.23.0.0
Copyright (C) 2017 ARM Ltd and ARM Germany GmbH. All rights reserved.
License Information: 1 1, 1, LIC=SDA0P-MMU5E-12PLE-5TZ3Z-1HVEJ-8D86A
 
Tool Versions:
Toolchain:       MDK-ARM Plus  Version: 5.23
Toolchain Path:  C:\Keil_v5\ARM\ARMCC\Bin
C Compiler:      Armcc.exe V5.06 update 4 (build 422)
Assembler:       Armasm.exe V5.06 update 4 (build 422)
Linker/Locator:  ArmLink.exe V5.06 update 4 (build 422)
Library Manager: ArmAr.exe V5.06 update 4 (build 422)
Hex Converter:   FromElf.exe V5.06 update 4 (build 422)
CPU DLL:         SARMCM3.DLL V5.23
Dialog DLL:      DCM.DLL V1.15.0.0
Target DLL:      CMSIS_AGDI.dll V1.27.5.0
Dialog DLL:      TCM.DLL V1.27.0.0
 
<h2>Project:</h2>
\\Mac\Home\Documents\GitHub\RM_Infantry\Project\XYS-NL-Infantry.uvprojx
Project File Date:  04/04/2021

<h2>Output:</h2>
*** Using Compiler 'V5.06 update 4 (build 422)', folder: 'C:\Keil_v5\ARM\ARMCC\Bin'
Build target 'XYS-NL-Infantry'
compiling magazine.c...
compiling CAN_receive.c...
compiling vision.c...
..\user\vision.c(288): warning:  #223-D: function "flow_led_toggle" declared implicitly
  		flow_led_toggle(0);
..\user\vision.c(300): warning:  #223-D: function "flow_led_on" declared implicitly
  		flow_led_on(0);
..\user\vision.c(305): warning:  #223-D: function "flow_led_off" declared implicitly
  		flow_led_off(0);
..\user\vision.c: 3 warnings, 0 errors
compiling chassis_task.c...
..\user\APP\chassis_task\chassis_task.c(431): warning:  #175-D: subscript out of range
  		C_A_M_Y_M = Cloud_Angle_Measure[
AW][
HANGE];
..\user\APP\chassis_task\chassis_task.c(506): warning:  #175-D: subscript out of range
  		C_A_M_Y_M = Cloud_Angle_Measure[
AW][
HANGE];
..\user\APP\chassis_task\chassis_task.c(1009): warning:  #175-D: subscript out of range
  	C_A_M_Y_M = Cloud_Angle_Measure[
AW][
HANGE];
..\user\APP\chassis_task\chassis_task.c: 3 warnings, 0 errors
compiling chassis_behaviour.c...
compiling start_task.c...
..\user\APP\start_task\start_task.c(222): warning:  #550-D: variable "currentTime"  was set but never used
  	portTickType currentTime;
..\user\APP\start_task\start_task.c: 1 warning, 0 errors
compiling gimbal_task.c...
..\user\APP\gimbal_task\gimbal_task.c(326): warning:  #1035-D: single-precision operand implicitly converted to double-precision
  	  Cloud_Angle_Target[
ITCH][
ECH] = RAMP_float( 
id_pitch_angle, Cloud_Angle_Target[PITCH][MECH], Slope_Begin_Pitch);
..\user\APP\gimbal_task\gimbal_task.c(453): warning:  #1035-D: single-precision operand implicitly converted to double-precision
      Cloud_Angle_Target[
ITCH][
ECH] += rc_add_pit * 1.5;
..\user\APP\gimbal_task\gimbal_task.c(637): warning:  #550-D: variable "pitch_angle_ref"  was set but never used
  	static float pitch_angle_ref;
..\user\APP\gimbal_task\gimbal_task.c(638): warning:  #550-D: variable "yaw_angle_ref"  was set but never used
  	static float yaw_angle_ref;
..\user\APP\gimbal_task\gimbal_task.c(1315): warning:  #177-D: function "motor_ecd_to_angle_change1"  was declared but never referenced
  static fp32 motor_ecd_to_angle_change1(uint16_t ecd)
..\user\APP\gimbal_task\gimbal_task.c: 5 warnings, 0 errors
compiling shoot_task.c...
compiling gimbal_key_control.c...
..\user\APP\gimbal_key_control\gimbal_key_control.c(160): warning:  #1035-D: single-precision operand implicitly converted to double-precision
  		Cloud_Angle_Target_GD[
ITCH][
ECH] = 
id_pitch_angle;
..\user\APP\gimbal_key_control\gimbal_key_control.c: 1 warning, 0 errors
linking...
Program Size: Code=66812 RO-data=7148 RW-data=1324 ZI-data=136700  
FromELF: creating hex file...
".\Objects\infantry.axf" - 0 Error(s), 13 Warning(s).

<h2>Collection of Component include folders:</h2>
  .\RTE\_XYS-NL-Infantry
  C:\Keil_v5\ARM\PACK\Keil\STM32F4xx_DFP\2.12.0\Drivers\CMSIS\Device\ST\STM32F4xx\Include

<h2>Collection of Component Files used:</h2>
Build Time Elapsed:  00:00:05
</pre>
</body>
</html>
