<html>
<body>
<pre>
<h1>礦ision Build Log</h1>
<h2>Tool Versions:</h2>
IDE-Version: μVision V5.23.0.0
Copyright (C) 2017 ARM Ltd and ARM Germany GmbH. All rights reserved.
License Information: 1 1, 1, LIC=3UURA-1FAN3-4ATDE-57GAQ-RR777-YLXRK
 
Tool Versions:
Toolchain:       MDK-ARM Professional  Version: 5.23
Toolchain Path:  D:\MDK5\mdk5\ARM\ARMCC\Bin
C Compiler:      Armcc.exe V5.06 update 4 (build 422)
Assembler:       Armasm.exe V5.06 update 4 (build 422)
Linker/Locator:  ArmLink.exe V5.06 update 4 (build 422)
Library Manager: ArmAr.exe V5.06 update 4 (build 422)
Hex Converter:   FromElf.exe V5.06 update 4 (build 422)
CPU DLL:         SARMCM3.DLL V5.23
Dialog DLL:      DCM.DLL V1.15.0.0
Target DLL:      CMSIS_AGDI.dll V1.27.5.0
Dialog DLL:      TCM.DLL V1.27.0.0
 
<h2>Project:</h2>
C:\Users\zkj\OneDrive\桌面\电控\步兵有键盘模式 2\RM_Infantry\RM_Infantry\Project\XYS-NL-Infantry.uvprojx
Project File Date:  01/17/2021

<h2>Output:</h2>
*** Using Compiler 'V5.06 update 4 (build 422)', folder: 'D:\MDK5\mdk5\ARM\ARMCC\Bin'
Build target 'XYS-NL-Infantry'
compiling gimbal_task.c...
..\user\APP\gimbal_task\gimbal_task.c(330): warning:  #1035-D: single-precision operand implicitly converted to double-precision
  	  Cloud_Angle_Target[
ITCH][
ECH] = RAMP_float( 
id_pitch_angle, Cloud_Angle_Target[PITCH][MECH], Slope_Begin_Pitch);
..\user\APP\gimbal_task\gimbal_task.c(457): warning:  #1035-D: single-precision operand implicitly converted to double-precision
      Cloud_Angle_Target[
ITCH][
ECH] += rc_add_pit * 1.5;
..\user\APP\gimbal_task\gimbal_task.c(641): warning:  #550-D: variable "pitch_angle_ref"  was set but never used
  	static float pitch_angle_ref;
..\user\APP\gimbal_task\gimbal_task.c(642): warning:  #550-D: variable "yaw_angle_ref"  was set but never used
  	static float yaw_angle_ref;
..\user\APP\gimbal_task\gimbal_task.c(1327): warning:  #177-D: function "motor_ecd_to_angle_change1"  was declared but never referenced
  static fp32 motor_ecd_to_angle_change1(uint16_t ecd)
..\user\APP\gimbal_task\gimbal_task.c: 5 warnings, 0 errors
linking...
Program Size: Code=67224 RO-data=7152 RW-data=1328 ZI-data=136696  
FromELF: creating hex file...
".\Objects\infantry.axf" - 0 Error(s), 5 Warning(s).

<h2>Collection of Component include folders:</h2>
  .\RTE\_XYS-NL-Infantry
  D:\MDK5\mdk5_pack\Keil\STM32F4xx_DFP\2.12.0\Drivers\CMSIS\Device\ST\STM32F4xx\Include

<h2>Collection of Component Files used:</h2>
Build Time Elapsed:  00:00:03
</pre>
</body>
</html>
