Component: ARM Compiler 5.06 update 4 (build 422) Tool: armlink [4d35d2]

==============================================================================

Section Cross References

    startup_stm32f427xx.o(STACK) refers (Special) to heapauxi.o(.text) for __use_two_region_memory
    startup_stm32f427xx.o(HEAP) refers (Special) to heapauxi.o(.text) for __use_two_region_memory
    startup_stm32f427xx.o(RESET) refers (Special) to heapauxi.o(.text) for __use_two_region_memory
    startup_stm32f427xx.o(RESET) refers to startup_stm32f427xx.o(STACK) for __initial_sp
    startup_stm32f427xx.o(RESET) refers to startup_stm32f427xx.o(.text) for Reset_Handler
    startup_stm32f427xx.o(RESET) refers to stm32f4xx_it.o(i.NMI_Handler) for NMI_Handler
    startup_stm32f427xx.o(RESET) refers to stm32f4xx_it.o(i.HardFault_Handler) for HardFault_Handler
    startup_stm32f427xx.o(RESET) refers to stm32f4xx_it.o(i.MemManage_Handler) for MemManage_Handler
    startup_stm32f427xx.o(RESET) refers to stm32f4xx_it.o(i.BusFault_Handler) for BusFault_Handler
    startup_stm32f427xx.o(RESET) refers to stm32f4xx_it.o(i.UsageFault_Handler) for UsageFault_Handler
    startup_stm32f427xx.o(RESET) refers to port.o(.emb_text) for SVC_Handler
    startup_stm32f427xx.o(RESET) refers to stm32f4xx_it.o(i.DebugMon_Handler) for DebugMon_Handler
    startup_stm32f427xx.o(RESET) refers to freertos_middleware.o(i.SysTick_Handler) for SysTick_Handler
    startup_stm32f427xx.o(RESET) refers to can_receive.o(i.CAN1_RX0_IRQHandler) for CAN1_RX0_IRQHandler
    startup_stm32f427xx.o(RESET) refers to freertos_middleware.o(i.TIM3_IRQHandler) for TIM3_IRQHandler
    startup_stm32f427xx.o(RESET) refers to remote_control.o(i.USART1_IRQHandler) for USART1_IRQHandler
    startup_stm32f427xx.o(RESET) refers to can_receive.o(i.TIM6_DAC_IRQHandler) for TIM6_DAC_IRQHandler
    startup_stm32f427xx.o(RESET) refers to can_receive.o(i.CAN2_RX0_IRQHandler) for CAN2_RX0_IRQHandler
    startup_stm32f427xx.o(RESET) refers to usart6.o(i.USART6_IRQHandler) for USART6_IRQHandler
    startup_stm32f427xx.o(RESET) refers to uart7.o(i.UART7_IRQHandler) for UART7_IRQHandler
    startup_stm32f427xx.o(.text) refers (Special) to heapauxi.o(.text) for __use_two_region_memory
    startup_stm32f427xx.o(.text) refers to system_stm32f4xx.o(i.SystemInit) for SystemInit
    startup_stm32f427xx.o(.text) refers to __main.o(!!!main) for __main
    startup_stm32f427xx.o(.text) refers to startup_stm32f427xx.o(HEAP) for Heap_Mem
    startup_stm32f427xx.o(.text) refers to startup_stm32f427xx.o(STACK) for Stack_Mem
    system_stm32f4xx.o(i.SystemCoreClockUpdate) refers to system_stm32f4xx.o(.data) for SystemCoreClock
    system_stm32f4xx.o(i.SystemInit) refers to system_stm32f4xx.o(i.SetSysClock) for SetSysClock
    stm32f4xx_adc.o(i.ADC_DeInit) refers to stm32f4xx_rcc.o(i.RCC_APB2PeriphResetCmd) for RCC_APB2PeriphResetCmd
    stm32f4xx_can.o(i.CAN_DeInit) refers to stm32f4xx_rcc.o(i.RCC_APB1PeriphResetCmd) for RCC_APB1PeriphResetCmd
    stm32f4xx_can.o(i.CAN_GetITStatus) refers to stm32f4xx_can.o(i.CheckITStatus) for CheckITStatus
    stm32f4xx_cryp.o(i.CRYP_DeInit) refers to stm32f4xx_rcc.o(i.RCC_AHB2PeriphResetCmd) for RCC_AHB2PeriphResetCmd
    stm32f4xx_cryp_aes.o(i.CRYP_AES_CBC) refers to stm32f4xx_cryp.o(i.CRYP_KeyStructInit) for CRYP_KeyStructInit
    stm32f4xx_cryp_aes.o(i.CRYP_AES_CBC) refers to stm32f4xx_cryp.o(i.CRYP_FIFOFlush) for CRYP_FIFOFlush
    stm32f4xx_cryp_aes.o(i.CRYP_AES_CBC) refers to stm32f4xx_cryp.o(i.CRYP_Init) for CRYP_Init
    stm32f4xx_cryp_aes.o(i.CRYP_AES_CBC) refers to stm32f4xx_cryp.o(i.CRYP_KeyInit) for CRYP_KeyInit
    stm32f4xx_cryp_aes.o(i.CRYP_AES_CBC) refers to stm32f4xx_cryp.o(i.CRYP_Cmd) for CRYP_Cmd
    stm32f4xx_cryp_aes.o(i.CRYP_AES_CBC) refers to stm32f4xx_cryp.o(i.CRYP_GetFlagStatus) for CRYP_GetFlagStatus
    stm32f4xx_cryp_aes.o(i.CRYP_AES_CBC) refers to stm32f4xx_cryp.o(i.CRYP_IVInit) for CRYP_IVInit
    stm32f4xx_cryp_aes.o(i.CRYP_AES_CBC) refers to stm32f4xx_cryp.o(i.CRYP_GetCmdStatus) for CRYP_GetCmdStatus
    stm32f4xx_cryp_aes.o(i.CRYP_AES_CBC) refers to stm32f4xx_cryp.o(i.CRYP_DataIn) for CRYP_DataIn
    stm32f4xx_cryp_aes.o(i.CRYP_AES_CBC) refers to stm32f4xx_cryp.o(i.CRYP_DataOut) for CRYP_DataOut
    stm32f4xx_cryp_aes.o(i.CRYP_AES_CCM) refers to stm32f4xx_cryp.o(i.CRYP_KeyStructInit) for CRYP_KeyStructInit
    stm32f4xx_cryp_aes.o(i.CRYP_AES_CCM) refers to stm32f4xx_cryp.o(i.CRYP_FIFOFlush) for CRYP_FIFOFlush
    stm32f4xx_cryp_aes.o(i.CRYP_AES_CCM) refers to stm32f4xx_cryp.o(i.CRYP_KeyInit) for CRYP_KeyInit
    stm32f4xx_cryp_aes.o(i.CRYP_AES_CCM) refers to stm32f4xx_cryp.o(i.CRYP_IVInit) for CRYP_IVInit
    stm32f4xx_cryp_aes.o(i.CRYP_AES_CCM) refers to stm32f4xx_cryp.o(i.CRYP_Init) for CRYP_Init
    stm32f4xx_cryp_aes.o(i.CRYP_AES_CCM) refers to stm32f4xx_cryp.o(i.CRYP_PhaseConfig) for CRYP_PhaseConfig
[...]
    Target_Power                             0x20000154   Data           4  super_cap.o(.data)
    vision_buffer                            0x20000158   Data           2  uart7.o(.data)
    Uart7_Clean_IDLE_Flag                    0x2000015c   Data           4  uart7.o(.data)
    Chassis_Mode                             0x20000164   Data           1  chassis_task.o(.data)
    Chassis_Action                           0x20000165   Data           1  chassis_task.o(.data)
    Chass_Switch_F                           0x20000166   Data           1  chassis_task.o(.data)
    Chass_Key_F_Change                       0x20000167   Data           1  chassis_task.o(.data)
    Miss_Mode_Time                           0x20000168   Data           4  chassis_task.o(.data)
    remote_change                            0x2000016c   Data           1  chassis_task.o(.data)
    Chassis_Move_X                           0x20000170   Data           4  chassis_task.o(.data)
    Chassis_Move_Y                           0x20000174   Data           4  chassis_task.o(.data)
    Chassis_Move_Z                           0x20000178   Data           4  chassis_task.o(.data)
    angle_swing_set                          0x2000017c   Data           4  chassis_task.o(.data)
    Chassis_Gyro_Error                       0x20000180   Data           4  chassis_task.o(.data)
    vx_max_speed                             0x20000184   Data           4  chassis_task.o(.data)
    vx_min_speed                             0x20000188   Data           4  chassis_task.o(.data)
    vy_max_speed                             0x2000018c   Data           4  chassis_task.o(.data)
    vy_min_speed                             0x20000190   Data           4  chassis_task.o(.data)
    vz_max_speed                             0x20000194   Data           4  chassis_task.o(.data)
    vz_min_speed                             0x20000198   Data           4  chassis_task.o(.data)
    theta                                    0x2000019c   Data           4  chassis_task.o(.data)
    theta_error1                             0x200001a0   Data           4  chassis_task.o(.data)
    theta_error2                             0x200001a4   Data           4  chassis_task.o(.data)
    Chassis_Standard_Move_Max                0x200001a8   Data           4  chassis_task.o(.data)
    Chassis_Revolve_Move_Max                 0x200001ac   Data           4  chassis_task.o(.data)
    Chassis_Final_Output_Max                 0x200001b0   Data           4  chassis_task.o(.data)
    kKey_Mech_Chassis_Standard               0x200001b4   Data           4  chassis_task.o(.data)
    kKey_Mech_Chassis_Revolve                0x200001b8   Data           4  chassis_task.o(.data)
    kKey_Gyro_Chassis_Standard               0x200001bc   Data           4  chassis_task.o(.data)
    kKey_Gyro_Chassis_Revolve                0x200001c0   Data           4  chassis_task.o(.data)
    Slope_Chassis_Move_Z                     0x200001c4   Data           4  chassis_task.o(.data)
    timeInc                                  0x200001c8   Data           2  chassis_task.o(.data)
    timeInc_Saltation                        0x200001ca   Data           2  chassis_task.o(.data)
    timeXFron                                0x200001cc   Data           2  chassis_task.o(.data)
    timeXBack                                0x200001ce   Data           2  chassis_task.o(.data)
    timeYLeft                                0x200001d0   Data           2  chassis_task.o(.data)
    timeYRigh                                0x200001d2   Data           2  chassis_task.o(.data)
    Slope_Chassis_Move_Fron                  0x200001d4   Data           4  chassis_task.o(.data)
    Slope_Chassis_Move_Back                  0x200001d8   Data           4  chassis_task.o(.data)
    Slope_Chassis_Move_Left                  0x200001dc   Data           4  chassis_task.o(.data)
    Slope_Chassis_Move_Righ                  0x200001e0   Data           4  chassis_task.o(.data)
    Slope_Chassis_Revolve_Move               0x200001e4   Data           4  chassis_task.o(.data)
    Chassis_Angle_Measure                    0x200001e8   Data           8  chassis_task.o(.data)
    Chassis_Current_Measure                  0x200001f0   Data           8  chassis_task.o(.data)
    stateCorgi                               0x200001f8   Data           2  chassis_task.o(.data)
    IfCorgiChange                            0x200001fa   Data           1  chassis_task.o(.data)
    corgi_angle_target                       0x200001fc   Data           4  chassis_task.o(.data)
    speed_z_pterm                            0x20000200   Data           4  chassis_task.o(.data)
    speed_z_iterm                            0x20000204   Data           4  chassis_task.o(.data)
    speed_z_dterm                            0x20000208   Data           4  chassis_task.o(.data)
    speed_z                                  0x2000020c   Data           4  chassis_task.o(.data)
    FreeRTOSRunTimeTicks                     0x20000248   Data           8  freertos_middleware.o(.data)
    modeGimbal                               0x20000250   Data           1  gimbal_task.o(.data)
    actGimbal                                0x20000251   Data           1  gimbal_task.o(.data)
    angleMpuPitch                            0x20000254   Data           4  gimbal_task.o(.data)
    angleMpuYaw                              0x20000258   Data           4  gimbal_task.o(.data)
    angleMpuRoll                             0x2000025c   Data           4  gimbal_task.o(.data)
    palstanceMpuPitch                        0x20000260   Data           2  gimbal_task.o(.data)
    palstanceMpuYaw                          0x20000262   Data           2  gimbal_task.o(.data)
    palstanceMpuRoll                         0x20000264   Data           2  gimbal_task.o(.data)
    angleMotorPit                            0x20000266   Data           2  gimbal_task.o(.data)
    angleMotorYaw                            0x20000268   Data           2  gimbal_task.o(.data)
    speedMotorPit                            0x2000026a   Data           2  gimbal_task.o(.data)
    speedMotorYaw                            0x2000026c   Data           2  gimbal_task.o(.data)
    currentMotorPit                          0x2000026e   Data           2  gimbal_task.o(.data)
    currentMotorYaw                          0x20000270   Data           2  gimbal_task.o(.data)
    out                                      0x20000272   Data           2  gimbal_task.o(.data)
    Slope_Begin_Pitch                        0x20000274   Data           4  gimbal_task.o(.data)
    Slope_Begin_Yaw                          0x20000278   Data           4  gimbal_task.o(.data)
    rc_add_yaw                               0x2000027c   Data           4  gimbal_task.o(.data)
    rc_add_pit                               0x20000280   Data           4  gimbal_task.o(.data)
    yaw_channel                              0x20000284   Data           2  gimbal_task.o(.data)
    pitch_channel                            0x20000286   Data           2  gimbal_task.o(.data)
    bias_angle                               0x20000288   Data           4  gimbal_task.o(.data)
    Mouse_Gyro_Yaw                           0x2000028c   Data           4  gimbal_task.o(.data)
    Mouse_Gyro_Pitch                         0x20000290   Data           4  gimbal_task.o(.data)
    Mobility_Prediction_Yaw                  0x20000294   Data           1  gimbal_task.o(.data)
    Mobi_Pre_Yaw_Fire                        0x20000295   Data           1  gimbal_task.o(.data)
    mobpre_yaw_left_delay                    0x20000296   Data           2  gimbal_task.o(.data)
    mobpre_yaw_right_delay                   0x20000298   Data           2  gimbal_task.o(.data)
    mobpre_yaw_stop_delay                    0x2000029a   Data           2  gimbal_task.o(.data)
    pitch_angle_raw                          0x2000029c   Data           4  gimbal_task.o(.data)
    yaw_angle_raw                            0x200002a0   Data           4  gimbal_task.o(.data)
    Auto_Error_Pitch                         0x200002a4   Data           8  gimbal_task.o(.data)
    Auto_Error_Yaw                           0x200002ac   Data           8  gimbal_task.o(.data)
    Auto_Distance                            0x200002b4   Data           4  gimbal_task.o(.data)
    Gimbal_Vision_Time                       0x200002b8   Data           8  gimbal_task.o(.data)
    vision_time_update_time                  0x200002c0   Data           4  gimbal_task.o(.data)
    Vision_Angle_Speed_Yaw                   0x200002c4   Data           4  gimbal_task.o(.data)
    Vision_Angle_Speed_Pitch                 0x200002c8   Data           4  gimbal_task.o(.data)
    yaw_kf_result                            0x200002cc   Data           4  gimbal_task.o(.data)
    pitch_kf_result                          0x200002d0   Data           4  gimbal_task.o(.data)
    yaw_speed_k                              0x200002d4   Data           4  gimbal_task.o(.data)
    kf_yaw_angcon                            0x200002d8   Data           4  gimbal_task.o(.data)
    pitch_speed_k                            0x200002dc   Data           4  gimbal_task.o(.data)
    kf_pitch_angcon                          0x200002e0   Data           4  gimbal_task.o(.data)
    debug_kf_y_angle                         0x200002e4   Data           4  gimbal_task.o(.data)
    debug_kf_p_angle                         0x200002e8   Data           4  gimbal_task.o(.data)
    debug_kf_angle_temp                      0x200002ec   Data           4  gimbal_task.o(.data)
    debug_kf_angle_ramp                      0x200002f0   Data           4  gimbal_task.o(.data)
    kf_speed_yl                              0x200002f4   Data           4  gimbal_task.o(.data)
    Auto_KF_Delay                            0x200002f8   Data           2  gimbal_task.o(.data)
    debug_y_sk                               0x200002fc   Data           4  gimbal_task.o(.data)
    debug_y_sb_sk                            0x20000300   Data           4  gimbal_task.o(.data)
    debug_y_sb_brig_sk                       0x20000304   Data           4  gimbal_task.o(.data)
    debug_p_sk                               0x20000308   Data           4  gimbal_task.o(.data)
    debug_auto_err_y                         0x2000030c   Data           4  gimbal_task.o(.data)
    debug_auto_err_p                         0x20000310   Data           4  gimbal_task.o(.data)
    debug_kf_delay                           0x20000314   Data           4  gimbal_task.o(.data)
    debug_kf_speed_yl                        0x20000318   Data           4  gimbal_task.o(.data)
    debug_kf_speed_yl_sb                     0x2000031c   Data           4  gimbal_task.o(.data)
    debug_kf_speed_yh                        0x20000320   Data           4  gimbal_task.o(.data)
    debug_kf_speed_pl                        0x20000324   Data           4  gimbal_task.o(.data)
    debug_kf_y_angcon                        0x20000328   Data           4  gimbal_task.o(.data)
    debug_kf_p_angcon                        0x2000032c   Data           4  gimbal_task.o(.data)
    my_op                                    0x20000330   Data           4  gimbal_task.o(.data)
    speed_threshold                          0x20000334   Data           4  gimbal_task.o(.data)
    debug_speed                              0x20000338   Data           4  gimbal_task.o(.data)
    pitch_sb_error                           0x2000033c   Data           4  gimbal_task.o(.data)
    AngleMpuYaw                              0x20000340   Data           8  gimbal_task.o(.data)
    AngleMpuPitch                            0x20000348   Data           8  gimbal_task.o(.data)
    AngleMpuRoll                             0x20000350   Data           8  gimbal_task.o(.data)
    TOP_Switch                               0x20000358   Data           1  gimbal_task.o(.data)
    GIMBALTask_Handler                       0x2000038c   Data           4  start_task.o(.data)
    ChassisTask_Handler                      0x20000390   Data           4  start_task.o(.data)
    shoot_Task_Handler                       0x20000394   Data           4  start_task.o(.data)
    remoteMode                               0x200003a8   Data           1  start_task.o(.data)
    systemState                              0x200003a9   Data           1  start_task.o(.data)
    Revolver_mode                            0x200003c0   Data           1  shoot_task.o(.data)
    actShoot                                 0x200003c1   Data           1  shoot_task.o(.data)
    Fric_Motor                               0x200003c2   Data           1  shoot_task.o(.data)
    Friction_PWM_Output                      0x200003c4   Data          24  shoot_task.o(.data)
    Friction_PWM_HeatInc                     0x200003dc   Data          10  shoot_task.o(.data)
    Fric_Speed_Level                         0x200003e6   Data           2  shoot_task.o(.data)
    Friction_Switch                          0x200003e8   Data           1  shoot_task.o(.data)
    Friction_Speed_Target                    0x200003ec   Data           4  shoot_task.o(.data)
    Frict_Speed_Level_Target                 0x200003f0   Data           4  shoot_task.o(.data)
    Friction_Speed_Real                      0x200003f4   Data           4  shoot_task.o(.data)
    Revolver_Speed_Measure                   0x200003f8   Data           2  shoot_task.o(.data)
    Revolver_Angle_Measure                   0x200003fa   Data           2  shoot_task.o(.data)
    Revolver_Speed_Error                     0x200003fc   Data           4  shoot_task.o(.data)
    Revolver_Angle_Error                     0x20000400   Data           8  shoot_task.o(.data)
    Revolver_Angle_Measure_Sum               0x20000408   Data           4  shoot_task.o(.data)
    Revolver_Angle_Measure_Prev              0x2000040c   Data           2  shoot_task.o(.data)
    Revolver_Angle_Target                    0x20000410   Data           4  shoot_task.o(.data)
    Revolver_Angle_Target_Sum                0x20000414   Data           4  shoot_task.o(.data)
    Revolver_Buff_Target_Sum                 0x20000418   Data           4  shoot_task.o(.data)
    Revolver_Buff_Ramp                       0x2000041c   Data           4  shoot_task.o(.data)
    Revolver_Speed_Target                    0x20000420   Data           4  shoot_task.o(.data)
    Revolver_Final_Output                    0x20000424   Data           4  shoot_task.o(.data)
    shooter_heat_cooling                     0x20000428   Data           4  shoot_task.o(.data)
    Fric_enable                              0x2000042c   Data           2  shoot_task.o(.data)
    Chass_Switch_G                           0x2000042e   Data           2  shoot_task.o(.data)
    Revolver_Freq                            0x20000430   Data           2  shoot_task.o(.data)
    Shoot_Interval                           0x20000434   Data           4  shoot_task.o(.data)
    Revol_Posit_RespondTime                  0x20000438   Data           4  shoot_task.o(.data)
    pTermRevolSpeed                          0x2000043c   Data           4  shoot_task.o(.data)
    iTermRevolSpeed                          0x20000440   Data           4  shoot_task.o(.data)
    pTermRevolAngle                          0x20000444   Data           8  shoot_task.o(.data)
    iTermRevolAngle                          0x2000044c   Data           8  shoot_task.o(.data)
    Revolver_Output_Max                      0x20000454   Data           4  shoot_task.o(.data)
    iTermRevolSpeedMax                       0x20000458   Data           4  shoot_task.o(.data)
    iTermRevolPosiMax                        0x2000045c   Data           4  shoot_task.o(.data)
    Fric_Final_Output_Max                    0x20000460   Data           4  shoot_task.o(.data)
    iTermFricSpeedMax                        0x20000464   Data           4  shoot_task.o(.data)
    Key_ShootNum                             0x20000468   Data           2  shoot_task.o(.data)
    ShootNum_Allow                           0x2000046a   Data           2  shoot_task.o(.data)
    Residue_Heat                             0x2000046c   Data           2  shoot_task.o(.data)
    Shoot_HeatLimit                          0x2000046e   Data           2  shoot_task.o(.data)
    Shoot_HeatIncSpeed                       0x20000470   Data           2  shoot_task.o(.data)
    Stuck_Speed_Sum                          0x20000474   Data           4  shoot_task.o(.data)
    Stuck_Posit_Sum                          0x20000478   Data           4  shoot_task.o(.data)
    posishoot_time                           0x2000047c   Data           4  shoot_task.o(.data)
    Revol_Switch_Left                        0x20000480   Data           1  shoot_task.o(.data)
    Revol_Key_Left_Change                    0x20000481   Data           1  shoot_task.o(.data)
    First_Into_Buff                          0x20000482   Data           1  shoot_task.o(.data)
    Buff_Shoot_Begin                         0x20000483   Data           1  shoot_task.o(.data)
    buff_fire                                0x20000484   Data           1  shoot_task.o(.data)
    buff_change_fire                         0x20000485   Data           1  shoot_task.o(.data)
    measure_first                            0x20000486   Data           2  shoot_task.o(.data)
    revol_remot_change                       0x20000488   Data           1  shoot_task.o(.data)
    buff_lost_time                           0x2000048c   Data           4  shoot_task.o(.data)
    buff_change_lost_time                    0x20000490   Data           4  shoot_task.o(.data)
    buff_shoot_close                         0x20000494   Data           4  shoot_task.o(.data)
    buff_stamp                               0x20000498   Data           4  shoot_task.o(.data)
    buff_lost_stamp                          0x2000049c   Data           4  shoot_task.o(.data)
    Armor_Change_Delay                       0x200004a0   Data           4  shoot_task.o(.data)
    dy                                       0x200004a4   Data           4  shoot_task.o(.data)
    Revolver_Switch                          0x200004a8   Data           1  shoot_task.o(.data)
    TURNMode_Yaw_Back_Total                  0x200004dc   Data           4  gimbal_key_control.o(.data)
    TURNMode_Yaw_Turn_Total                  0x200004e0   Data           4  gimbal_key_control.o(.data)
    xQueueRegistry                           0x2000052c   Data          64  queue.o(.bss)
    GameRobotStat                            0x20020878   Data          15  judge.o(.bss)
    PowerHeatData                            0x20020887   Data          14  judge.o(.bss)
    GameRobotPos                             0x20020895   Data          16  judge.o(.bss)
    ShowData                                 0x200208a5   Data          28  judge.o(.bss)
    CommuData                                0x200208c1   Data          25  judge.o(.bss)
    VisionRecvData                           0x200208dc   Data          22  vision.o(.bss)
    VisionSendData                           0x200208f4   Data          20  vision.o(.bss)
    vision_send_pack                         0x20020908   Data          50  vision.o(.bss)
    USART_RX_BUF                             0x2002093a   Data         200  usart6.o(.bss)
    Judge_Buf                                0x20020a02   Data         400  usart6.o(.bss)
    Vision_Buffer                            0x20020b92   Data         400  uart7.o(.bss)
    Chassis_Error_Kalman                     0x20020d4c   Data          48  chassis_task.o(.bss)
    motor_pid                                0x20020d7c   Data         288  chassis_task.o(.bss)
    motor_key_pid                            0x20020e9c   Data         288  chassis_task.o(.bss)
    chassis_angle_pid                        0x20020fbc   Data          72  chassis_task.o(.bss)
    chassis_angle_key_pid                    0x20021004   Data          72  chassis_task.o(.bss)
    chassis_cmd_slow_set_vx                  0x2002104c   Data          16  chassis_task.o(.bss)
    chassis_cmd_slow_set_vy                  0x2002105c   Data          16  chassis_task.o(.bss)
    motor_chassis_speed                      0x2002106c   Data          16  chassis_task.o(.bss)
    motor_key_chassis_speed                  0x2002107c   Data          16  chassis_task.o(.bss)
    Chassis_Speed_Target                     0x2002108c   Data          16  chassis_task.o(.bss)
    Chassis_Speed_Error                      0x2002109c   Data          16  chassis_task.o(.bss)
    Chassis_Speed_Measure                    0x200210ac   Data          16  chassis_task.o(.bss)
    Chassis_Speed_Error_Sum                  0x200210bc   Data          16  chassis_task.o(.bss)
    Chassis_Speed_Error_NOW                  0x200210cc   Data          16  chassis_task.o(.bss)
    Chassis_Speed_Error_LAST                 0x200210dc   Data          16  chassis_task.o(.bss)
    Chassis_Speed_kpid                       0x200210ec   Data          48  chassis_task.o(.bss)
    pTermChassis                             0x2002111c   Data          16  chassis_task.o(.bss)
    iTermChassis                             0x2002112c   Data          16  chassis_task.o(.bss)
    dTermChassis                             0x2002113c   Data          16  chassis_task.o(.bss)
    pidTermChassis                           0x2002114c   Data          16  chassis_task.o(.bss)
    Chassis_Final_Output                     0x2002115c   Data          16  chassis_task.o(.bss)
    Yaw_Gyro_Angle                           0x2002116c   Data          12  gimbal_task.o(.bss)
    Vision_Distance_Kalman                   0x20021178   Data          48  gimbal_task.o(.bss)
    Vision_Yaw_speed_Struct                  0x200211a8   Data          28  gimbal_task.o(.bss)
    Vision_Pitch_speed_Struct                0x200211c4   Data          28  gimbal_task.o(.bss)
    yaw_kalman_filter                        0x200211e0   Data         108  gimbal_task.o(.bss)
    pitch_kalman_filter                      0x2002124c   Data         108  gimbal_task.o(.bss)
    Gimbal_Yaw_Mech_PID                      0x200212b8   Data          48  gimbal_task.o(.bss)
    Gimbal_Yaw_Gyro_PID                      0x200212e8   Data          48  gimbal_task.o(.bss)
    Gimbal_Pitch_Mech_PID                    0x20021318   Data          48  gimbal_task.o(.bss)
    Gimbal_Pitch_Gyro_PID                    0x20021348   Data          48  gimbal_task.o(.bss)
    Gimbal_Pitch_key_PID                     0x20021378   Data          48  gimbal_task.o(.bss)
    Gimbal_yaw_key_PID                       0x200213a8   Data          48  gimbal_task.o(.bss)
    gimbal_yaw_motor_gyro_pid                0x200213d8   Data          72  gimbal_task.o(.bss)
    gimbal_pitch_motor_gyro_pid              0x20021420   Data          72  gimbal_task.o(.bss)
    gimbal_yaw_motor_mech_pid                0x20021468   Data          72  gimbal_task.o(.bss)
    gimbal_pitch_motor_mech_pid              0x200214b0   Data          72  gimbal_task.o(.bss)
    gumbal_angle_pid                         0x200214f8   Data          72  gimbal_task.o(.bss)
    Cloud_Angle_Target                       0x20021540   Data          24  gimbal_task.o(.bss)
    Cloud_Angle_Measure                      0x20021558   Data          32  gimbal_task.o(.bss)
    Cloud_Speed_Measure                      0x20021578   Data          16  gimbal_task.o(.bss)
    Cloud_Current_Measure                    0x20021588   Data          16  gimbal_task.o(.bss)
    Cloud_Palstance_Measure                  0x20021598   Data          24  gimbal_task.o(.bss)
    motor_gyro_set                           0x200215b0   Data          24  gimbal_task.o(.bss)
    current_set                              0x200215c8   Data          24  gimbal_task.o(.bss)
    given_current                            0x200215e0   Data          24  gimbal_task.o(.bss)
    Angle_Measure                            0x200215f8   Data          24  gimbal_task.o(.bss)
    Error                                    0x20021610   Data          16  gimbal_task.o(.bss)
    rc_ctrl                                  0x20021620   Data          24  remote_control.o(.bss)
    Revolver_Speed_kpid                      0x20021680   Data          12  shoot_task.o(.bss)
    Revolver_Angle_kpid                      0x2002168c   Data          24  shoot_task.o(.bss)
    Cloud_Angle_Target_GD                    0x200216a4   Data          16  gimbal_key_control.o(.bss)
    __libspace_start                         0x200216c4   Data          96  libspace.o(.bss)
    __temporary_stack_top$libspace           0x20021724   Data           0  libspace.o(.bss)



==============================================================================

Memory Map of the image

  Image Entry point : 0x080001ad

  Load Region LR_IROM1 (Base: 0x08000000, Size: 0x00012614, Max: 0x00200000, ABSOLUTE, COMPRESSED[0x00012188])

    Execution Region ER_IROM1 (Base: 0x08000000, Size: 0x000120e8, Max: 0x00200000, ABSOLUTE)

    Base Addr    Size         Type   Attr      Idx    E Section Name        Object

    0x08000000   0x000001ac   Data   RO            3    RESET               startup_stm32f427xx.o
    0x080001ac   0x00000008   Code   RO        10416  * !!!main             c_w.l(__main.o)
    0x080001b4   0x00000034   Code   RO        10783    !!!scatter          c_w.l(__scatter.o)
    0x080001e8   0x0000005a   Code   RO        10781    !!dczerorl2         c_w.l(__dczerorl2.o)
    0x08000242   0x00000002   PAD
    0x08000244   0x0000001c   Code   RO        10785    !!handler_zi        c_w.l(__scatter_zi.o)
    0x08000260   0x00000000   Code   RO        10399    .ARM.Collect$$_printf_percent$$00000000  c_w.l(_printf_percent.o)
    0x08000260   0x00000006   Code   RO        10397    .ARM.Collect$$_printf_percent$$00000009  c_w.l(_printf_d.o)
    0x08000266   0x00000004   Code   RO        10531    .ARM.Collect$$_printf_percent$$00000017  c_w.l(_printf_percent_end.o)
    0x0800026a   0x00000002   Code   RO        10660    .ARM.Collect$$libinit$$00000000  c_w.l(libinit.o)
    0x0800026c   0x00000004   Code   RO        10669    .ARM.Collect$$libinit$$00000001  c_w.l(libinit2.o)
    0x08000270   0x00000000   Code   RO        10672    .ARM.Collect$$libinit$$00000004  c_w.l(libinit2.o)
    0x08000270   0x00000000   Code   RO        10675    .ARM.Collect$$libinit$$0000000A  c_w.l(libinit2.o)
    0x08000270   0x00000000   Code   RO        10677    .ARM.Collect$$libinit$$0000000C  c_w.l(libinit2.o)
    0x08000270   0x00000000   Code   RO        10679    .ARM.Collect$$libinit$$0000000E  c_w.l(libinit2.o)
    0x08000270   0x00000000   Code   RO        10682    .ARM.Collect$$libinit$$00000011  c_w.l(libinit2.o)
    0x08000270   0x00000000   Code   RO        10684    .ARM.Collect$$libinit$$00000013  c_w.l(libinit2.o)
    0x08000270   0x00000000   Code   RO        10686    .ARM.Collect$$libinit$$00000015  c_w.l(libinit2.o)
    0x08000270   0x00000000   Code   RO        10688    .ARM.Collect$$libinit$$00000017  c_w.l(libinit2.o)
    0x08000270   0x00000000   Code   RO        10690    .ARM.Collect$$libinit$$00000019  c_w.l(libinit2.o)
    0x08000270   0x00000000   Code   RO        10692    .ARM.Collect$$libinit$$0000001B  c_w.l(libinit2.o)
    0x08000270   0x00000000   Code   RO        10694    .ARM.Collect$$libinit$$0000001D  c_w.l(libinit2.o)
    0x08000270   0x00000000   Code   RO        10696    .ARM.Collect$$libinit$$0000001F  c_w.l(libinit2.o)
    0x08000270   0x00000000   Code   RO        10698    .ARM.Collect$$libinit$$00000021  c_w.l(libinit2.o)
    0x08000270   0x00000000   Code   RO        10700    .ARM.Collect$$libinit$$00000023  c_w.l(libinit2.o)
    0x08000270   0x00000000   Code   RO        10702    .ARM.Collect$$libinit$$00000025  c_w.l(libinit2.o)
    0x08000270   0x00000000   Code   RO        10706    .ARM.Collect$$libinit$$0000002C  c_w.l(libinit2.o)
    0x08000270   0x00000000   Code   RO        10708    .ARM.Collect$$libinit$$0000002E  c_w.l(libinit2.o)
    0x08000270   0x00000000   Code   RO        10710    .ARM.Collect$$libinit$$00000030  c_w.l(libinit2.o)
    0x08000270   0x00000000   Code   RO        10712    .ARM.Collect$$libinit$$00000032  c_w.l(libinit2.o)
    0x08000270   0x00000002   Code   RO        10713    .ARM.Collect$$libinit$$00000033  c_w.l(libinit2.o)
    0x08000272   0x00000002   Code   RO        10737    .ARM.Collect$$libshutdown$$00000000  c_w.l(libshutdown.o)
    0x08000274   0x00000000   Code   RO        10763    .ARM.Collect$$libshutdown$$00000002  c_w.l(libshutdown2.o)
    0x08000274   0x00000000   Code   RO        10765    .ARM.Collect$$libshutdown$$00000004  c_w.l(libshutdown2.o)
    0x08000274   0x00000000   Code   RO        10768    .ARM.Collect$$libshutdown$$00000007  c_w.l(libshutdown2.o)
    0x08000274   0x00000000   Code   RO        10771    .ARM.Collect$$libshutdown$$0000000A  c_w.l(libshutdown2.o)
    0x08000274   0x00000000   Code   RO        10773    .ARM.Collect$$libshutdown$$0000000C  c_w.l(libshutdown2.o)
    0x08000274   0x00000000   Code   RO        10776    .ARM.Collect$$libshutdown$$0000000F  c_w.l(libshutdown2.o)
    0x08000274   0x00000002   Code   RO        10777    .ARM.Collect$$libshutdown$$00000010  c_w.l(libshutdown2.o)
    0x08000276   0x00000000   Code   RO        10516    .ARM.Collect$$rtentry$$00000000  c_w.l(__rtentry.o)
    0x08000276   0x00000000   Code   RO        10605    .ARM.Collect$$rtentry$$00000002  c_w.l(__rtentry2.o)
    0x08000276   0x00000006   Code   RO        10617    .ARM.Collect$$rtentry$$00000004  c_w.l(__rtentry4.o)
    0x0800027c   0x00000000   Code   RO        10607    .ARM.Collect$$rtentry$$00000009  c_w.l(__rtentry2.o)
    0x0800027c   0x00000004   Code   RO        10608    .ARM.Collect$$rtentry$$0000000A  c_w.l(__rtentry2.o)
    0x08000280   0x00000000   Code   RO        10610    .ARM.Collect$$rtentry$$0000000C  c_w.l(__rtentry2.o)
    0x08000280   0x00000008   Code   RO        10611    .ARM.Collect$$rtentry$$0000000D  c_w.l(__rtentry2.o)
    0x08000288   0x00000002   Code   RO        10661    .ARM.Collect$$rtexit$$00000000  c_w.l(rtexit.o)
    0x0800028a   0x00000000   Code   RO        10715    .ARM.Collect$$rtexit$$00000002  c_w.l(rtexit2.o)
    0x0800028a   0x00000004   Code   RO        10716    .ARM.Collect$$rtexit$$00000003  c_w.l(rtexit2.o)
    0x0800028e   0x00000006   Code   RO        10717    .ARM.Collect$$rtexit$$00000004  c_w.l(rtexit2.o)
    0x08000294   0x000000b6   Code   RO         6359    .emb_text           port.o
    0x0800034a   0x00000002   PAD
    0x0800034c   0x0000004c   Code   RO            4    .text               startup_stm32f427xx.o
    0x08000398   0x00000078   Code   RO        10032    .text               arm_cortexM4lf_math.lib(arm_cos_f32.o)
    0x08000410   0x00000074   Code   RO        10085    .text               arm_cortexM4lf_math.lib(arm_sin_f32.o)
    0x08000484   0x00000002   Code   RO        10334    .text               c_w.l(use_no_semi_2.o)
    0x08000486   0x00000048   Code   RO        10336    .text               c_w.l(llsdiv.o)
    0x080004ce   0x00000002   PAD
    0x080004d0   0x00000018   Code   RO        10342    .text               c_w.l(noretval__2printf.o)
    0x080004e8   0x00000078   Code   RO        10352    .text               c_w.l(_printf_dec.o)
    0x08000560   0x00000138   Code   RO        10387    .text               c_w.l(__printf_flags_wp.o)
    0x08000698   0x00000058   Code   RO        10400    .text               c_w.l(memcmp.o)
    0x080006f0   0x0000008a   Code   RO        10406    .text               c_w.l(rt_memcpy_v6.o)
    0x0800077a   0x00000010   Code   RO        10408    .text               c_w.l(aeabi_memset.o)
    0x0800078a   0x00000044   Code   RO        10410    .text               c_w.l(rt_memclr.o)
    0x080007ce   0x0000004e   Code   RO        10412    .text               c_w.l(rt_memclr_w.o)
    0x0800081c   0x00000006   Code   RO        10414    .text               c_w.l(heapauxi.o)
    0x08000822   0x00000002   Code   RO        10514    .text               c_w.l(use_no_semi.o)
    0x08000824   0x000000ee   Code   RO        10517    .text               c_w.l(lludivv7m.o)
    0x08000912   0x00000016   Code   RO        10519    .text               c_w.l(_rserrno.o)
    0x08000928   0x000000b2   Code   RO        10521    .text               c_w.l(_printf_intcommon.o)
    0x080009da   0x00000002   PAD
    0x080009dc   0x00000030   Code   RO        10523    .text               c_w.l(_printf_char_common.o)
    0x08000a0c   0x00000024   Code   RO        10529    .text               c_w.l(_printf_char_file.o)
    0x08000a30   0x00000064   Code   RO        10532    .text               c_w.l(rt_memcpy_w.o)
    0x08000a94   0x00000008   Code   RO        10626    .text               c_w.l(rt_errno_addr_intlibspace.o)
    0x08000a9c   0x00000030   Code   RO        10628    .text               c_w.l(_fptrap.o)
    0x08000acc   0x00000008   Code   RO        10632    .text               c_w.l(ferror.o)
    0x08000ad4   0x00000008   Code   RO        10642    .text               c_w.l(libspace.o)
    0x08000adc   0x0000004a   Code   RO        10645    .text               c_w.l(sys_stackheap_outer.o)
    0x08000b26   0x00000012   Code   RO        10649    .text               c_w.l(exit.o)
    0x08000b38   0x0000000e   Code   RO        10651    .text               c_w.l(defsig_fpe_outer.o)
    0x08000b46   0x0000000a   Code   RO        10665    .text               c_w.l(defsig_exit.o)
    0x08000b50   0x000000ac   Code   RO        10667    .text               c_w.l(defsig_fpe_inner.o)
    0x08000bfc   0x00000032   Code   RO        10723    .text               c_w.l(defsig_general.o)
    0x08000c2e   0x00000016   Code   RO          299    i.ADC_Cmd           stm32f4xx_adc.o
    0x08000c44   0x00000030   Code   RO          300    i.ADC_CommonInit    stm32f4xx_adc.o
    0x08000c74   0x00000054   Code   RO          319    i.ADC_Init          stm32f4xx_adc.o
    0x08000cc8   0x000000b8   Code   RO          324    i.ADC_RegularChannelConfig  stm32f4xx_adc.o
    0x08000d80   0x0000002c   Code   RO          329    i.ADC_TempSensorVrefintCmd  stm32f4xx_adc.o
    0x08000dac   0x00000084   Code   RO         8327    i.Angle_error       chassis_task.o
    0x08000e30   0x000000f0   Code   RO         6554    i.BSP_init          main.o
    0x08000f20   0x00000004   Code   RO           13    i.BusFault_Handler  stm32f4xx_it.o
    0x08000f24   0x00000038   Code   RO         8117    i.CAN1_Cap_Send     super_cap.o
    0x08000f5c   0x00000130   Code   RO         8253    i.CAN1_RX0_IRQHandler  can_receive.o
    0x0800108c   0x00000110   Code   RO         7349    i.CAN1_mode_init    can.o
    0x0800119c   0x0000015c   Code   RO         8254    i.CAN2_RX0_IRQHandler  can_receive.o
    0x080012f8   0x00000114   Code   RO         7350    i.CAN2_mode_init    can.o
    0x0800140c   0x00000064   Code   RO         8255    i.CAN_CMD_CHASSIS   can_receive.o
    0x08001470   0x0000004c   Code   RO         8256    i.CAN_CMD_GIMBAL    can_receive.o
    0x080014bc   0x0000004c   Code   RO         8257    i.CAN_CMD_SHOOT     can_receive.o
    0x08001508   0x000000a8   Code   RO          541    i.CAN_ClearITPendingBit  stm32f4xx_can.o
    0x080015b0   0x00000108   Code   RO          545    i.CAN_FilterInit    stm32f4xx_can.o
    0x080016b8   0x00000120   Code   RO          547    i.CAN_GetITStatus   stm32f4xx_can.o
    0x080017d8   0x00000012   Code   RO          551    i.CAN_ITConfig      stm32f4xx_can.o
    0x080017ea   0x00000114   Code   RO          552    i.CAN_Init          stm32f4xx_can.o
    0x080018fe   0x000000f0   Code   RO          555    i.CAN_Receive       stm32f4xx_can.o
    0x080019ee   0x00000126   Code   RO          560    i.CAN_Transmit      stm32f4xx_can.o
    0x08001b14   0x0000004c   Code   RO         8328    i.CHASSIS_CANSend   chassis_task.o
    0x08001b60   0x00000014   Code   RO         8331    i.CHASSIS_IfActiveMode  chassis_task.o
    0x08001b74   0x00000040   Code   RO         8333    i.CHASSIS_REST      chassis_task.o
    0x08001bb4   0x00000044   Code   RO         8334    i.CHASSIS_UPUP_Mode_Ctrl  chassis_task.o
    0x08001bf8   0x0000000c   Code   RO         8335    i.CHASSIS_UpdateMotorAngle  chassis_task.o
    0x08001c04   0x0000000c   Code   RO         8336    i.CHASSIS_UpdateMotorCur  chassis_task.o
    0x08001c10   0x00000018   Code   RO         8337    i.CHASSIS_UpdateMotorSpeed  chassis_task.o
    0x08001c28   0x0000000c   Code   RO         8119    i.Cap_Init          super_cap.o
    0x08001c34   0x00000014   Code   RO         8120    i.Cap_UpdateTarget_Power  super_cap.o
    0x08001c48   0x000001e0   Code   RO         8339    i.Chassis_Init      chassis_task.o
    0x08001e28   0x00000108   Code   RO         8340    i.Chassis_Key_Ctrl  chassis_task.o
    0x08001f30   0x000000cc   Code   RO         8341    i.Chassis_Key_MoveRamp  chassis_task.o
    0x08001ffc   0x000003c4   Code   RO         8342    i.Chassis_Keyboard_Move_Calculate  chassis_task.o
    0x080023c0   0x0000001c   Code   RO         8343    i.Chassis_MotorOutput  chassis_task.o
    0x080023dc   0x0000025c   Code   RO         8344    i.Chassis_Motor_Key_PID  chassis_task.o
    0x08002638   0x00000124   Code   RO         8345    i.Chassis_Motor_Speed_PID  chassis_task.o
    0x0800275c   0x00000144   Code   RO         8346    i.Chassis_Motor_Speed_PID_KEY  chassis_task.o
    0x080028a0   0x000000a0   Code   RO         8347    i.Chassis_Mouse_Move_Calculate  chassis_task.o
    0x08002940   0x000000e0   Code   RO         8348    i.Chassis_NORMAL_Mode_Ctrl  chassis_task.o
    0x08002a20   0x00000128   Code   RO         8349    i.Chassis_Omni_Move_Calculate  chassis_task.o
    0x08002b48   0x00000108   Code   RO         8350    i.Chassis_Rc_Control  chassis_task.o
    0x08002c50   0x00000424   Code   RO         8351    i.Chassis_Set_Contorl  chassis_task.o
    0x08003074   0x00000080   Code   RO         8352    i.Chassis_Set_Mode  chassis_task.o
    0x080030f4   0x00000428   Code   RO         8353    i.Chassis_Set_key_Contorl  chassis_task.o
    0x0800351c   0x00000012   Code   RO          563    i.CheckITStatus     stm32f4xx_can.o
    0x0800352e   0x00000002   PAD
    0x08003530   0x00000034   Code   RO         1318    i.DMA_ClearFlag     stm32f4xx_dma.o
    0x08003564   0x00000016   Code   RO         1320    i.DMA_Cmd           stm32f4xx_dma.o
    0x0800357a   0x00000002   PAD
    0x0800357c   0x00000158   Code   RO         1321    i.DMA_DeInit        stm32f4xx_dma.o
    0x080036d4   0x00000016   Code   RO         1322    i.DMA_DoubleBufferModeCmd  stm32f4xx_dma.o
    0x080036ea   0x00000018   Code   RO         1323    i.DMA_DoubleBufferModeConfig  stm32f4xx_dma.o
    0x08003702   0x00000008   Code   RO         1326    i.DMA_GetCurrDataCounter  stm32f4xx_dma.o
    0x0800370a   0x00000014   Code   RO         1327    i.DMA_GetCurrentMemoryTarget  stm32f4xx_dma.o
    0x0800371e   0x00000002   PAD
    0x08003720   0x00000058   Code   RO         1332    i.DMA_Init          stm32f4xx_dma.o
    0x08003778   0x00000004   Code   RO         1335    i.DMA_SetCurrDataCounter  stm32f4xx_dma.o
    0x0800377c   0x00000002   Code   RO           14    i.DebugMon_Handler  stm32f4xx_it.o
    0x0800377e   0x00000002   PAD
    0x08003780   0x00000048   Code   RO         9101    i.FRIC_RcSwitch     shoot_task.o
    0x080037c8   0x00000088   Code   RO         9102    i.Fric_Key_Ctrl     shoot_task.o
    0x08003850   0x00000018   Code   RO         7519    i.Fric_Open         fric.o
    0x08003868   0x000000a8   Code   RO         9103    i.Fric_mode         shoot_task.o
    0x08003910   0x00000098   Code   RO         9104    i.Friction_Ramp     shoot_task.o
    0x080039a8   0x000000ac   Code   RO         8604    i.GIMBAL_AUTO_Mode_Ctrl  gimbal_task.o
    0x08003a54   0x00000004   Code   RO         8608    i.GIMBAL_BUFF_PITCH_READY  gimbal_task.o
    0x08003a58   0x00000004   Code   RO         8609    i.GIMBAL_BUFF_YAW_READY  gimbal_task.o
    0x08003a5c   0x00000098   Code   RO         8610    i.GIMBAL_CanSend    gimbal_task.o
    0x08003af4   0x0000006c   Code   RO         8611    i.GIMBAL_GetOffsetAngle  gimbal_task.o
    0x08003b60   0x00000024   Code   RO         8613    i.GIMBAL_IfBuffHit  gimbal_task.o
    0x08003b84   0x00000014   Code   RO         8614    i.GIMBAL_IfManulHit  gimbal_task.o
    0x08003b98   0x00000250   Code   RO         8618    i.GIMBAL_InitCtrl   gimbal_task.o
    0x08003de8   0x00000044   Code   RO         9304    i.GIMBAL_LEVEL_Mode_Ctrl  gimbal_key_control.o
    0x08003e2c   0x00000148   Code   RO         8620    i.GIMBAL_MPU_Update  gimbal_task.o
    0x08003f74   0x00000174   Code   RO         9305    i.GIMBAL_NORMAL_Mode_Ctrl  gimbal_key_control.o
    0x080040e8   0x000000bc   Code   RO         8621    i.GIMBAL_PID_Calc   gimbal_task.o
    0x080041a4   0x00000030   Code   RO         8622    i.GIMBAL_PID_Init   gimbal_task.o
    0x080041d4   0x00000270   Code   RO         8623    i.GIMBAL_PositionLoop  gimbal_task.o
    0x08004444   0x00000274   Code   RO         8624    i.GIMBAL_PositionLoop_AUTO  gimbal_task.o
    0x080046b8   0x000002b8   Code   RO         8625    i.GIMBAL_Set_Control  gimbal_task.o
    0x08004970   0x00000158   Code   RO         8626    i.GIMBAL_Set_Key_Control  gimbal_task.o
    0x08004ac8   0x0000006c   Code   RO         8627    i.GIMBAL_UpdateAngle  gimbal_task.o
    0x08004b34   0x00000060   Code   RO         8628    i.GIMBAL_UpdateCurrent  gimbal_task.o
    0x08004b94   0x00000044   Code   RO         8629    i.GIMBAL_UpdateSpeed  gimbal_task.o
    0x08004bd8   0x000000a0   Code   RO         8630    i.GIMBAL_task       gimbal_task.o
    0x08004c78   0x00000090   Code   RO         2165    i.GPIO_Init         stm32f4xx_gpio.o
    0x08004d08   0x00000046   Code   RO         2166    i.GPIO_PinAFConfig  stm32f4xx_gpio.o
    0x08004d4e   0x00000004   Code   RO         2172    i.GPIO_ResetBits    stm32f4xx_gpio.o
    0x08004d52   0x00000004   Code   RO         2173    i.GPIO_SetBits      stm32f4xx_gpio.o
    0x08004d56   0x00000002   PAD
    0x08004d58   0x00000034   Code   RO         6749    i.Get_CRC16_Check_Sum  crc.o
    0x08004d8c   0x00000024   Code   RO         6750    i.Get_CRC8_Check_Sum  crc.o
    0x08004db0   0x00000068   Code   RO         8631    i.Gimbal_Error_Read  gimbal_task.o
    0x08004e18   0x00000030   Code   RO         8632    i.Gimbal_PID_clear  gimbal_task.o
    0x08004e48   0x00000004   Code   RO           15    i.HardFault_Handler  stm32f4xx_it.o
    0x08004e4c   0x00000050   Code   RO         9432    i.IIC_Ack           myiic.o
    0x08004e9c   0x00000048   Code   RO         9433    i.IIC_Init          myiic.o
    0x08004ee4   0x00000050   Code   RO         9434    i.IIC_NAck          myiic.o
    0x08004f34   0x0000006c   Code   RO         9435    i.IIC_Read_Byte     myiic.o
    0x08004fa0   0x00000068   Code   RO         9436    i.IIC_Send_Byte     myiic.o
    0x08005008   0x0000004c   Code   RO         9437    i.IIC_Start         myiic.o
    0x08005054   0x0000004c   Code   RO         9438    i.IIC_Stop          myiic.o
    0x080050a0   0x00000060   Code   RO         9439    i.IIC_Wait_Ack      myiic.o
    0x08005100   0x00000058   Code   RO         6809    i.JUDGE_ShootNumCount  judge.o
    0x08005158   0x0000000c   Code   RO         6810    i.JUDGE_ShootNum_Clear  judge.o
    0x08005164   0x0000000c   Code   RO         6817    i.JUDGE_usGetShootCold  judge.o
    0x08005170   0x0000000c   Code   RO         6818    i.JUDGE_usGetShootNum  judge.o
    0x0800517c   0x000001ac   Code   RO         6821    i.Judge_Read_Data   judge.o
    0x08005328   0x00000128   Code   RO         8633    i.KEY_Set_Mode      gimbal_task.o
    0x08005450   0x00000068   Code   RO         8981    i.LED0              start_task.o
    0x080054b8   0x00000050   Code   RO         9340    i.MPU_Get_Gyroscope  mpu6050.o
    0x08005508   0x0000007a   Code   RO         9342    i.MPU_Init          mpu6050.o
    0x08005582   0x0000003a   Code   RO         9343    i.MPU_Read_Byte     mpu6050.o
    0x080055bc   0x00000074   Code   RO         9344    i.MPU_Read_Len      mpu6050.o
    0x08005630   0x00000010   Code   RO         9345    i.MPU_Set_Accel_Fsr  mpu6050.o
    0x08005640   0x00000010   Code   RO         9346    i.MPU_Set_Gyro_Fsr  mpu6050.o
    0x08005650   0x0000003a   Code   RO         9347    i.MPU_Set_LPF       mpu6050.o
    0x0800568a   0x0000003a   Code   RO         9348    i.MPU_Set_Rate      mpu6050.o
    0x080056c4   0x00000060   Code   RO         8634    i.MPU_Update_last   gimbal_task.o
    0x08005724   0x00000044   Code   RO         9349    i.MPU_Write_Byte    mpu6050.o
    0x08005768   0x00000060   Code   RO         9350    i.MPU_Write_Len     mpu6050.o
    0x080057c8   0x00000114   Code   RO         7984    i.Magazine_Ctrl     magazine.o
    0x080058dc   0x00000018   Code   RO         7985    i.Magazine_IfOpen   magazine.o
    0x080058f4   0x00000018   Code   RO         7986    i.Magazine_IfWait   magazine.o
    0x0800590c   0x00000138   Code   RO         7987    i.Magazine_Key_Ctrl  magazine.o
    0x08005a44   0x00000018   Code   RO         7988    i.Magazine_Servo    magazine.o
    0x08005a5c   0x00000058   Code   RO         7989    i.Magezine_Rc_Switch  magazine.o
    0x08005ab4   0x00000004   Code   RO           16    i.MemManage_Handler  stm32f4xx_it.o
    0x08005ab8   0x0000003c   Code   RO         8075    i.Motor_driver_Init  motor_driver.o
    0x08005af4   0x00000002   Code   RO           17    i.NMI_Handler       stm32f4xx_it.o
    0x08005af6   0x00000002   PAD
    0x08005af8   0x00000078   Code   RO          245    i.NVIC_Init         misc.o
    0x08005b70   0x00000014   Code   RO          246    i.NVIC_PriorityGroupConfig  misc.o
    0x08005b84   0x000001f0   Code   RO         8866    i.PID_Calc          pid.o
    0x08005d74   0x00000060   Code   RO         8867    i.PID_Init          pid.o
    0x08005dd4   0x0000004c   Code   RO         8868    i.PID_clear         pid.o
    0x08005e20   0x0000006c   Code   RO         6555    i.RAMP_float        main.o
    0x08005e8c   0x00000020   Code   RO         3103    i.RCC_AHB1PeriphClockCmd  stm32f4xx_rcc.o
    0x08005eac   0x00000020   Code   RO         3112    i.RCC_APB1PeriphClockCmd  stm32f4xx_rcc.o
    0x08005ecc   0x00000020   Code   RO         3114    i.RCC_APB1PeriphResetCmd  stm32f4xx_rcc.o
    0x08005eec   0x00000020   Code   RO         3115    i.RCC_APB2PeriphClockCmd  stm32f4xx_rcc.o
    0x08005f0c   0x00000020   Code   RO         3117    i.RCC_APB2PeriphResetCmd  stm32f4xx_rcc.o
    0x08005f2c   0x000000e8   Code   RO         3124    i.RCC_GetClocksFreq  stm32f4xx_rcc.o
    0x08006014   0x0000014c   Code   RO         7717    i.RC_Init           rc.o
    0x08006160   0x00000038   Code   RO         8635    i.RC_Set_Mode       gimbal_task.o
    0x08006198   0x00000024   Code   RO         9105    i.REVOLVER_CANbusCtrlMotor  shoot_task.o
    0x080061bc   0x00000128   Code   RO         9106    i.REVOLVER_InitArgument  shoot_task.o
    0x080062e4   0x000000ac   Code   RO         9107    i.REVOLVER_KeyPosiCtrl  shoot_task.o
    0x08006390   0x00000008   Code   RO         9108    i.REVOLVER_KeySpeedCtrl  shoot_task.o
    0x08006398   0x0000006c   Code   RO         9109    i.REVOLVER_Key_Ctrl  shoot_task.o
    0x08006404   0x00000198   Code   RO         9110    i.REVOLVER_Rc_Ctrl  shoot_task.o
    0x0800659c   0x00000058   Code   RO         9111    i.REVOLVER_Rc_Switch  shoot_task.o
    0x080065f4   0x00000094   Code   RO         9112    i.REVOLVER_Rest     shoot_task.o
    0x08006688   0x0000000c   Code   RO         9113    i.REVOLVER_UpdateMotorAngle  shoot_task.o
    0x08006694   0x0000000c   Code   RO         9114    i.REVOLVER_UpdateMotorSpeed  shoot_task.o
    0x080066a0   0x00000118   Code   RO         9115    i.REVOL_PositStuck  shoot_task.o
    0x080067b8   0x000000fc   Code   RO         9116    i.REVOL_PositionLoop  shoot_task.o
    0x080068b4   0x000000e4   Code   RO         9117    i.REVOL_SpeedLoop   shoot_task.o
    0x08006998   0x000000d8   Code   RO         9118    i.REVOL_SpeedStuck  shoot_task.o
    0x08006a70   0x000000c4   Code   RO         9119    i.REVOL_UpdateMotorAngleSum  shoot_task.o
    0x08006b34   0x00000094   Code   RO         6556    i.RampInc_float     main.o
    0x08006bc8   0x0000002c   Code   RO         9120    i.Reset_Fric        shoot_task.o
    0x08006bf4   0x00000060   Code   RO         9121    i.Revolver_Angle_Rest  shoot_task.o
    0x08006c54   0x000000da   Code   RO         8912    i.SBUS_TO_RC        remote_control.o
    0x08006d2e   0x00000002   PAD
    0x08006d30   0x0000020c   Code   RO         9122    i.SHOOT_BUFF_Ctrl_Gimbal  shoot_task.o
    0x08006f3c   0x00000054   Code   RO         9123    i.SHOOT_HIGHTF_LOWS_Ctrl  shoot_task.o
    0x08006f90   0x00000054   Code   RO         9124    i.SHOOT_MIDF_HIGHTS_Ctrl  shoot_task.o
    0x08006fe4   0x0000019c   Code   RO         9125    i.SHOOT_NORMAL_Ctrl  shoot_task.o
    0x08007180   0x00000054   Code   RO         9126    i.SHOOT_SINGLE_Ctrl  shoot_task.o
    0x080071d4   0x000000bc   Code   RO         9127    i.SHOOT_TRIPLE_Ctrl  shoot_task.o
    0x08007290   0x0000000c   Code   RO         8982    i.SYSTEM_GetRemoteMode  start_task.o
    0x0800729c   0x0000000c   Code   RO         8983    i.SYSTEM_GetSystemState  start_task.o
    0x080072a8   0x00000120   Code   RO          204    i.SetSysClock       system_stm32f4xx.o
    0x080073c8   0x00000028   Code   RO          249    i.SysTick_CLKSourceConfig  misc.o
    0x080073f0   0x00000010   Code   RO         8556    i.SysTick_Handler   freertos_middleware.o
    0x08007400   0x00000068   Code   RO          206    i.SystemInit        system_stm32f4xx.o
    0x08007468   0x00000024   Code   RO         8984    i.System_control    start_task.o
    0x0800748c   0x00000030   Code   RO         8557    i.TIM3_IRQHandler   freertos_middleware.o
    0x080074bc   0x000000e0   Code   RO         7869    i.TIM4_Init         timer.o
    0x0800759c   0x00000024   Code   RO         8258    i.TIM6_DAC_IRQHandler  can_receive.o
    0x080075c0   0x00000078   Code   RO         7870    i.TIM6_Init         timer.o
    0x08007638   0x000000b8   Code   RO         7871    i.TIM8_Init         timer.o
    0x080076f0   0x00000018   Code   RO         4490    i.TIM_ARRPreloadConfig  stm32f4xx_tim.o
    0x08007708   0x00000006   Code   RO         4496    i.TIM_ClearFlag     stm32f4xx_tim.o
    0x0800770e   0x00000018   Code   RO         4502    i.TIM_Cmd           stm32f4xx_tim.o
    0x08007726   0x0000001e   Code   RO         4504    i.TIM_CtrlPWMOutputs  stm32f4xx_tim.o
    0x08007744   0x00000190   Code   RO         4507    i.TIM_DeInit        stm32f4xx_tim.o
    0x080078d4   0x00000022   Code   RO         4523    i.TIM_GetITStatus   stm32f4xx_tim.o
    0x080078f6   0x00000012   Code   RO         4527    i.TIM_ITConfig      stm32f4xx_tim.o
    0x08007908   0x0000007c   Code   RO         4531    i.TIM_OC1Init       stm32f4xx_tim.o
    0x08007984   0x00000012   Code   RO         4534    i.TIM_OC1PreloadConfig  stm32f4xx_tim.o
    0x08007996   0x00000002   PAD
    0x08007998   0x000000a4   Code   RO         4536    i.TIM_OC2Init       stm32f4xx_tim.o
    0x08007a3c   0x0000001a   Code   RO         4539    i.TIM_OC2PreloadConfig  stm32f4xx_tim.o
    0x08007a56   0x00000002   PAD
    0x08007a58   0x000000a0   Code   RO         4541    i.TIM_OC3Init       stm32f4xx_tim.o
    0x08007af8   0x00000012   Code   RO         4544    i.TIM_OC3PreloadConfig  stm32f4xx_tim.o
    0x08007b0a   0x00000002   PAD
    0x08007b0c   0x00000078   Code   RO         4546    i.TIM_OC4Init       stm32f4xx_tim.o
    0x08007b84   0x0000001a   Code   RO         4548    i.TIM_OC4PreloadConfig  stm32f4xx_tim.o
    0x08007b9e   0x00000004   Code   RO         4564    i.TIM_SetCompare1   stm32f4xx_tim.o
    0x08007ba2   0x00000002   PAD
    0x08007ba4   0x00000084   Code   RO         4574    i.TIM_TimeBaseInit  stm32f4xx_tim.o
    0x08007c28   0x00000048   Code   RO         8636    i.TOP_Rc_Switch     gimbal_task.o
    0x08007c70   0x0000000e   Code   RO         8985    i.Task_10ms         start_task.o
    0x08007c7e   0x00000002   PAD
    0x08007c80   0x000000e8   Code   RO         8180    i.UART7_IRQHandler  uart7.o
    0x08007d68   0x000000e4   Code   RO         8913    i.USART1_IRQHandler  remote_control.o
    0x08007e4c   0x000000c0   Code   RO         7925    i.USART6_IRQHandler  usart6.o
    0x08007f0c   0x00000012   Code   RO         5052    i.USART_ClearFlag   stm32f4xx_usart.o
    0x08007f1e   0x00000018   Code   RO         5056    i.USART_Cmd         stm32f4xx_usart.o
    0x08007f36   0x00000012   Code   RO         5057    i.USART_DMACmd      stm32f4xx_usart.o
    0x08007f48   0x000000f0   Code   RO         5058    i.USART_DeInit      stm32f4xx_usart.o
    0x08008038   0x00000054   Code   RO         5060    i.USART_GetITStatus  stm32f4xx_usart.o
    0x0800808c   0x0000004a   Code   RO         5062    i.USART_ITConfig    stm32f4xx_usart.o
    0x080080d6   0x00000002   PAD
    0x080080d8   0x000000d4   Code   RO         5063    i.USART_Init        stm32f4xx_usart.o
    0x080081ac   0x0000000a   Code   RO         5070    i.USART_ReceiveData  stm32f4xx_usart.o
    0x080081b6   0x00000004   Code   RO           18    i.UsageFault_Handler  stm32f4xx_it.o
    0x080081ba   0x00000002   PAD
    0x080081bc   0x00000040   Code   RO         6751    i.Verify_CRC16_Check_Sum  crc.o
    0x080081fc   0x00000030   Code   RO         6752    i.Verify_CRC8_Check_Sum  crc.o
    0x0800822c   0x0000000c   Code   RO         6939    i.Vision_Clean_Ammor_Flag  vision.o
    0x08008238   0x0000000c   Code   RO         6940    i.Vision_Clean_Update_Flag  vision.o
    0x08008244   0x00000068   Code   RO         6942    i.Vision_Error_Angle_Pitch  vision.o
    0x080082ac   0x00000068   Code   RO         6943    i.Vision_Error_Angle_Yaw  vision.o
    0x08008314   0x00000030   Code   RO         6946    i.Vision_Get_Distance  vision.o
    0x08008344   0x00000014   Code   RO         6947    i.Vision_If_Armor   vision.o
    0x08008358   0x00000014   Code   RO         6948    i.Vision_If_Update  vision.o
    0x0800836c   0x00000080   Code   RO         6949    i.Vision_Read_Data  vision.o
    0x080083ec   0x00000030   Code   RO        10588    i.__ARM_fpclassify  m_wm.l(fpclassify.o)
    0x0800841c   0x00000004   PAD
    0x08008420   0x00000360   Code   RO        10446    i.__hardfp_asin     m_wm.l(asin.o)
    0x08008780   0x000002d8   Code   RO        10557    i.__hardfp_atan     m_wm.l(atan.o)
    0x08008a58   0x000001f0   Code   RO        10460    i.__hardfp_atan2    m_wm.l(atan2.o)
    0x08008c48   0x000000c8   Code   RO        10472    i.__hardfp_cos      m_wm.l(cos.o)
    0x08008d10   0x00000014   Code   RO        10484    i.__hardfp_fabs     m_wm.l(fabs.o)
    0x08008d24   0x00000004   PAD
    0x08008d28   0x000000c8   Code   RO        10490    i.__hardfp_sin      m_wm.l(sin.o)
    0x08008df0   0x0000007a   Code   RO        10502    i.__hardfp_sqrt     m_wm.l(sqrt_full.o)
    0x08008e6a   0x00000006   PAD
    0x08008e70   0x00000438   Code   RO        10593    i.__ieee754_rem_pio2  m_wm.l(rred.o)
    0x080092a8   0x00000170   Code   RO        10571    i.__kernel_cos      m_wm.l(cos_i.o)
    0x08009418   0x000000f8   Code   RO        10590    i.__kernel_poly     m_wm.l(poly.o)
    0x08009510   0x00000130   Code   RO        10598    i.__kernel_sin      m_wm.l(sin_i.o)
    0x08009640   0x00000014   Code   RO        10575    i.__mathlib_dbl_infnan  m_wm.l(dunder.o)
    0x08009654   0x00000014   Code   RO        10576    i.__mathlib_dbl_infnan2  m_wm.l(dunder.o)
    0x08009668   0x00000020   Code   RO        10577    i.__mathlib_dbl_invalid  m_wm.l(dunder.o)
    0x08009688   0x00000020   Code   RO        10580    i.__mathlib_dbl_underflow  m_wm.l(dunder.o)
    0x080096a8   0x0000000e   Code   RO        10385    i._is_digit         c_w.l(__printf_wp.o)
    0x080096b6   0x00000008   Code   RO         7926    i._sys_exit         usart6.o
    0x080096be   0x00000008   Code   RO         7927    i._ttywrch          usart6.o
    0x080096c6   0x00000030   Code   RO         6442    i.abs_limit         user_lib.o
    0x080096f6   0x00000002   PAD
    0x080096f8   0x000000c0   Code   RO         9498    i.accel_self_test   inv_mpu.o
    0x080097b8   0x00000010   Code   RO        10559    i.atan              m_wm.l(atan.o)
    0x080097c8   0x000000b8   Code   RO         7310    i.buzzer_init       buzzer.o
    0x08009880   0x00000010   Code   RO         7311    i.buzzer_off        buzzer.o
    0x08009890   0x00000068   Code   RO         8356    i.chassis_feedback_update  chassis_task.o
    0x080098f8   0x000000ec   Code   RO         9069    i.chassis_follow_gimbal_yaw_control  chassis_behaviour.o
    0x080099e4   0x00000094   Code   RO         8357    i.chassis_task      chassis_task.o
    0x08009a78   0x00000016   Code   RO         6557    i.constrain         main.o
    0x08009a8e   0x0000002a   Code   RO         6558    i.constrain_float   main.o
    0x08009ab8   0x00000016   Code   RO         6559    i.constrain_int16_t  main.o
    0x08009ace   0x00000002   PAD
    0x08009ad0   0x00000064   Code   RO         9838    i.decode_gesture    inv_mpu_dmp_motion_driver.o
    0x08009b34   0x0000006c   Code   RO         7382    i.delay_init        delay.o
    0x08009ba0   0x00000050   Code   RO         7383    i.delay_ms          delay.o
    0x08009bf0   0x00000050   Code   RO         7384    i.delay_us          delay.o
    0x08009c40   0x0000003c   Code   RO         9839    i.dmp_enable_6x_lp_quat  inv_mpu_dmp_motion_driver.o
    0x08009c7c   0x0000021c   Code   RO         9840    i.dmp_enable_feature  inv_mpu_dmp_motion_driver.o
    0x08009e98   0x00000058   Code   RO         9841    i.dmp_enable_gyro_cal  inv_mpu_dmp_motion_driver.o
    0x08009ef0   0x0000003c   Code   RO         9842    i.dmp_enable_lp_quat  inv_mpu_dmp_motion_driver.o
    0x08009f2c   0x00000018   Code   RO         9847    i.dmp_load_motion_driver_firmware  inv_mpu_dmp_motion_driver.o
    0x08009f44   0x000001cc   Code   RO         9848    i.dmp_read_fifo     inv_mpu_dmp_motion_driver.o
    0x0800a110   0x00000130   Code   RO         9851    i.dmp_set_accel_bias  inv_mpu_dmp_motion_driver.o
    0x0800a240   0x00000070   Code   RO         9852    i.dmp_set_fifo_rate  inv_mpu_dmp_motion_driver.o
    0x0800a2b0   0x00000130   Code   RO         9853    i.dmp_set_gyro_bias  inv_mpu_dmp_motion_driver.o
    0x0800a3e0   0x00000138   Code   RO         9855    i.dmp_set_orientation  inv_mpu_dmp_motion_driver.o
    0x0800a518   0x00000038   Code   RO         9858    i.dmp_set_shake_reject_thresh  inv_mpu_dmp_motion_driver.o
    0x0800a550   0x00000026   Code   RO         9859    i.dmp_set_shake_reject_time  inv_mpu_dmp_motion_driver.o
    0x0800a576   0x00000026   Code   RO         9860    i.dmp_set_shake_reject_timeout  inv_mpu_dmp_motion_driver.o
    0x0800a59c   0x00000046   Code   RO         9861    i.dmp_set_tap_axes  inv_mpu_dmp_motion_driver.o
    0x0800a5e2   0x00000026   Code   RO         9862    i.dmp_set_tap_count  inv_mpu_dmp_motion_driver.o
    0x0800a608   0x000001c0   Code   RO         9863    i.dmp_set_tap_thresh  inv_mpu_dmp_motion_driver.o
    0x0800a7c8   0x00000026   Code   RO         9864    i.dmp_set_tap_time  inv_mpu_dmp_motion_driver.o
    0x0800a7ee   0x00000026   Code   RO         9865    i.dmp_set_tap_time_multi  inv_mpu_dmp_motion_driver.o
    0x0800a814   0x00000018   Code   RO        10486    i.fabs              m_wm.l(fabs.o)
    0x0800a82c   0x00000054   Code   RO         6444    i.first_order_filter_cali  user_lib.o
    0x0800a880   0x00000024   Code   RO         6445    i.first_order_filter_init  user_lib.o
    0x0800a8a4   0x00000018   Code   RO         7591    i.flow_led_off      led.o
    0x0800a8bc   0x00000018   Code   RO         7592    i.flow_led_on       led.o
    0x0800a8d4   0x0000002a   Code   RO         6446    i.fp32_constrain    user_lib.o
    0x0800a8fe   0x00000002   PAD
    0x0800a900   0x0000001c   Code   RO         7928    i.fputc             usart6.o
    0x0800a91c   0x000000e0   Code   RO         7520    i.fric_PWM_configuration  fric.o
    0x0800a9fc   0x000000d0   Code   RO         9499    i.get_accel_prod_shift  inv_mpu.o
    0x0800aacc   0x00000470   Code   RO         9500    i.get_st_biases     inv_mpu.o
    0x0800af3c   0x0000011c   Code   RO         9501    i.gyro_self_test    inv_mpu.o
    0x0800b058   0x00000028   Code   RO         9502    i.inv_orientation_matrix_to_scalar  inv_mpu.o
    0x0800b080   0x0000004e   Code   RO         9503    i.inv_row_2_scale   inv_mpu.o
    0x0800b0ce   0x00000002   PAD
    0x0800b0d0   0x0000003c   Code   RO         7552    i.laser_configuration  laser.o
    0x0800b10c   0x00000014   Code   RO         7554    i.laser_on          laser.o
    0x0800b120   0x00000094   Code   RO         7594    i.led_configuration  led.o
    0x0800b1b4   0x00000014   Code   RO         7595    i.led_green_off     led.o
    0x0800b1c8   0x00000014   Code   RO         7598    i.led_red_off       led.o
    0x0800b1dc   0x00000014   Code   RO         7599    i.led_red_on        led.o
    0x0800b1f0   0x00000060   Code   RO         6451    i.loop_fp32_constrain  user_lib.o
    0x0800b250   0x00000018   Code   RO         6561    i.main              main.o
    0x0800b268   0x00000002   Code   RO         9504    i.mget_ms           inv_mpu.o
    0x0800b26a   0x00000002   PAD
    0x0800b26c   0x0000003c   Code   RO         8638    i.motor_ecd_to_angle_change  gimbal_task.o
    0x0800b2a8   0x00000070   Code   RO         9505    i.mpu_configure_fifo  inv_mpu.o
    0x0800b318   0x00000218   Code   RO         9506    i.mpu_dmp_get_data  inv_mpu.o
    0x0800b530   0x000000a0   Code   RO         9507    i.mpu_dmp_init      inv_mpu.o
    0x0800b5d0   0x0000004c   Code   RO         9508    i.mpu_get_accel_fsr  inv_mpu.o
    0x0800b61c   0x00000054   Code   RO         9510    i.mpu_get_accel_sens  inv_mpu.o
    0x0800b670   0x00000010   Code   RO         9515    i.mpu_get_fifo_config  inv_mpu.o
    0x0800b680   0x00000044   Code   RO         9516    i.mpu_get_gyro_fsr  inv_mpu.o
    0x0800b6c4   0x00000060   Code   RO         9518    i.mpu_get_gyro_sens  inv_mpu.o
    0x0800b724   0x00000050   Code   RO         9520    i.mpu_get_lpf       inv_mpu.o
    0x0800b774   0x00000020   Code   RO         9522    i.mpu_get_sample_rate  inv_mpu.o
    0x0800b794   0x000001f0   Code   RO         9524    i.mpu_init          inv_mpu.o
    0x0800b984   0x000000b8   Code   RO         9525    i.mpu_load_firmware  inv_mpu.o
    0x0800ba3c   0x000000e0   Code   RO         9526    i.mpu_lp_accel_mode  inv_mpu.o
    0x0800bb1c   0x000000c0   Code   RO         9529    i.mpu_read_fifo_stream  inv_mpu.o
    0x0800bbdc   0x00000080   Code   RO         9530    i.mpu_read_mem      inv_mpu.o
    0x0800bc5c   0x000001c8   Code   RO         9533    i.mpu_reset_fifo    inv_mpu.o
    0x0800be24   0x0000011c   Code   RO         9534    i.mpu_run_self_test  inv_mpu.o
    0x0800bf40   0x00000084   Code   RO         9536    i.mpu_set_accel_fsr  inv_mpu.o
    0x0800bfc4   0x0000014c   Code   RO         9537    i.mpu_set_bypass    inv_mpu.o
    0x0800c110   0x00000090   Code   RO         9539    i.mpu_set_dmp_state  inv_mpu.o
    0x0800c1a0   0x00000088   Code   RO         9540    i.mpu_set_gyro_fsr  inv_mpu.o
    0x0800c228   0x0000006c   Code   RO         9541    i.mpu_set_int_latched  inv_mpu.o
    0x0800c294   0x00000084   Code   RO         9543    i.mpu_set_lpf       inv_mpu.o
    0x0800c318   0x0000009c   Code   RO         9544    i.mpu_set_sample_rate  inv_mpu.o
    0x0800c3b4   0x000000d0   Code   RO         9545    i.mpu_set_sensors   inv_mpu.o
    0x0800c484   0x00000080   Code   RO         9546    i.mpu_write_mem     inv_mpu.o
    0x0800c504   0x00000048   Code   RO         7672    i.power_ctrl_configuration  power_ctrl.o
    0x0800c54c   0x00000020   Code   RO         7673    i.power_ctrl_off    power_ctrl.o
    0x0800c56c   0x00000020   Code   RO         7674    i.power_ctrl_on     power_ctrl.o
    0x0800c58c   0x00000098   Code   RO         5779    i.prvAddCurrentTaskToDelayedList  tasks.o
    0x0800c624   0x000000b8   Code   RO         5780    i.prvAddNewTaskToReadyList  tasks.o
    0x0800c6dc   0x00000064   Code   RO         6156    i.prvCheckForValidListAndQueue  timers.o
    0x0800c740   0x00000064   Code   RO         5781    i.prvCheckTasksWaitingTermination  tasks.o
    0x0800c7a4   0x0000002a   Code   RO         5534    i.prvCopyDataFromQueue  queue.o
    0x0800c7ce   0x0000007c   Code   RO         5535    i.prvCopyDataToQueue  queue.o
    0x0800c84a   0x00000012   Code   RO         5782    i.prvDeleteTCB      tasks.o
    0x0800c85c   0x00000028   Code   RO         6157    i.prvGetNextExpireTime  timers.o
    0x0800c884   0x0000007c   Code   RO         6298    i.prvHeapInit       heap_4.o
    0x0800c900   0x00000028   Code   RO         5783    i.prvIdleTask       tasks.o
    0x0800c928   0x0000002e   Code   RO         5537    i.prvInitialiseNewQueue  queue.o
    0x0800c956   0x000000b4   Code   RO         5784    i.prvInitialiseNewTask  tasks.o
    0x0800ca0a   0x00000002   PAD
    0x0800ca0c   0x00000068   Code   RO         5785    i.prvInitialiseTaskLists  tasks.o
    0x0800ca74   0x00000068   Code   RO         6299    i.prvInsertBlockIntoFreeList  heap_4.o
    0x0800cadc   0x00000058   Code   RO         6159    i.prvInsertTimerInActiveList  timers.o
    0x0800cb34   0x0000001a   Code   RO         5538    i.prvIsQueueEmpty   queue.o
    0x0800cb4e   0x0000001e   Code   RO         5539    i.prvIsQueueFull    queue.o
    0x0800cb6c   0x00000090   Code   RO         5540    i.prvNotifyQueueSetContainer  queue.o
    0x0800cbfc   0x00000064   Code   RO         6160    i.prvProcessExpiredTimer  timers.o
    0x0800cc60   0x000000f8   Code   RO         6161    i.prvProcessReceivedCommands  timers.o
    0x0800cd58   0x00000074   Code   RO         6162    i.prvProcessTimerOrBlockTask  timers.o
    0x0800cdcc   0x00000034   Code   RO         5787    i.prvResetNextTaskUnblockTime  tasks.o
    0x0800ce00   0x0000002c   Code   RO         6163    i.prvSampleTimeNow  timers.o
    0x0800ce2c   0x000000a0   Code   RO         6164    i.prvSwitchTimerLists  timers.o
    0x0800cecc   0x00000040   Code   RO         6360    i.prvTaskExitError  port.o
    0x0800cf0c   0x0000001a   Code   RO         6165    i.prvTimerTask      timers.o
    0x0800cf26   0x00000092   Code   RO         5541    i.prvUnlockQueue    queue.o
    0x0800cfb8   0x0000013c   Code   RO         6300    i.pvPortMalloc      heap_4.o
    0x0800d0f4   0x00000020   Code   RO         5792    i.pvTaskIncrementMutexHeldCount  tasks.o
    0x0800d114   0x0000002c   Code   RO         6361    i.pxPortInitialiseStack  port.o
    0x0800d140   0x00000020   Code   RO         8986    i.remote_StateControl  start_task.o
    0x0800d160   0x00000014   Code   RO         8915    i.remote_control_init  remote_control.o
    0x0800d174   0x0000009a   Code   RO         9547    i.run_self_test     inv_mpu.o
    0x0800d20e   0x00000002   PAD
    0x0800d210   0x00000090   Code   RO         9548    i.set_int_enable    inv_mpu.o
    0x0800d2a0   0x00000070   Code   RO         9128    i.shoot_task        shoot_task.o
    0x0800d310   0x0000006e   Code   RO        10504    i.sqrt              m_wm.l(sqrt_full.o)
    0x0800d37e   0x00000002   PAD
    0x0800d380   0x0000002c   Code   RO         8987    i.startTast         start_task.o
    0x0800d3ac   0x00000118   Code   RO         8988    i.start_task        start_task.o
    0x0800d4c4   0x00000034   Code   RO         8989    i.system_update     start_task.o
    0x0800d4f8   0x0000002c   Code   RO         7269    i.temperature_ADC_Reset  adc.o
    0x0800d524   0x00000054   Code   RO         7270    i.temperature_ADC_init  adc.o
    0x0800d578   0x00000178   Code   RO         8187    i.uart7_init        uart7.o
    0x0800d6f0   0x00000170   Code   RO         7929    i.usart6_init       usart6.o
    0x0800d860   0x00000028   Code   RO         5485    i.uxListRemove      list.o
    0x0800d888   0x0000001a   Code   RO         5486    i.vListInitialise   list.o
    0x0800d8a2   0x00000006   Code   RO         5487    i.vListInitialiseItem  list.o
    0x0800d8a8   0x00000034   Code   RO         5488    i.vListInsert       list.o
    0x0800d8dc   0x00000018   Code   RO         5489    i.vListInsertEnd    list.o
    0x0800d8f4   0x00000054   Code   RO         6363    i.vPortEnterCritical  port.o
    0x0800d948   0x0000003c   Code   RO         6364    i.vPortExitCritical  port.o
    0x0800d984   0x00000094   Code   RO         6301    i.vPortFree         heap_4.o
    0x0800da18   0x00000002   Code   RO         8558    i.vPortSetupTimerInterrupt  freertos_middleware.o
    0x0800da1a   0x00000002   PAD
    0x0800da1c   0x00000078   Code   RO         6365    i.vPortValidateInterruptPriority  port.o
    0x0800da94   0x0000002c   Code   RO         5547    i.vQueueAddToRegistry  queue.o
    0x0800dac0   0x0000004a   Code   RO         5551    i.vQueueWaitForMessageRestricted  queue.o
    0x0800db0a   0x00000002   PAD
    0x0800db0c   0x0000005c   Code   RO         5801    i.vTaskDelay        tasks.o
    0x0800db68   0x000000d4   Code   RO         5802    i.vTaskDelayUntil   tasks.o
    0x0800dc3c   0x000000f4   Code   RO         5803    i.vTaskDelete       tasks.o
    0x0800dd30   0x0000000c   Code   RO         5807    i.vTaskMissedYield  tasks.o
    0x0800dd3c   0x00000038   Code   RO         5809    i.vTaskPlaceOnEventList  tasks.o
    0x0800dd74   0x00000040   Code   RO         5810    i.vTaskPlaceOnEventListRestricted  tasks.o
    0x0800ddb4   0x000000b0   Code   RO         5812    i.vTaskPriorityInherit  tasks.o
    0x0800de64   0x00000030   Code   RO         5816    i.vTaskSetTimeOutState  tasks.o
    0x0800de94   0x00000094   Code   RO         5817    i.vTaskStartScheduler  tasks.o
    0x0800df28   0x00000010   Code   RO         5819    i.vTaskSuspendAll   tasks.o
    0x0800df38   0x0000008c   Code   RO         5820    i.vTaskSwitchContext  tasks.o
    0x0800dfc4   0x0000013c   Code   RO         6366    i.xPortStartScheduler  port.o
    0x0800e100   0x00000034   Code   RO         6367    i.xPortSysTickHandler  port.o
    0x0800e134   0x00000058   Code   RO         5556    i.xQueueGenericCreate  queue.o
    0x0800e18c   0x000001c4   Code   RO         5557    i.xQueueGenericReceive  queue.o
    0x0800e350   0x00000098   Code   RO         5558    i.xQueueGenericReset  queue.o
    0x0800e3e8   0x000001c8   Code   RO         5559    i.xQueueGenericSend  queue.o
    0x0800e5b0   0x00000108   Code   RO         5560    i.xQueueGenericSendFromISR  queue.o
    0x0800e6b8   0x0000008c   Code   RO         5821    i.xTaskCheckForTimeOut  tasks.o
    0x0800e744   0x00000060   Code   RO         5822    i.xTaskCreate       tasks.o
    0x0800e7a4   0x00000020   Code   RO         5827    i.xTaskGetSchedulerState  tasks.o
    0x0800e7c4   0x0000000c   Code   RO         5828    i.xTaskGetTickCount  tasks.o
    0x0800e7d0   0x00000148   Code   RO         5830    i.xTaskIncrementTick  tasks.o
    0x0800e918   0x000000c8   Code   RO         5833    i.xTaskPriorityDisinherit  tasks.o
    0x0800e9e0   0x00000098   Code   RO         5834    i.xTaskRemoveFromEventList  tasks.o
    0x0800ea78   0x00000104   Code   RO         5836    i.xTaskResumeAll    tasks.o
    0x0800eb7c   0x00000054   Code   RO         6169    i.xTimerCreateTimerTask  timers.o
    0x0800ebd0   0x00000084   Code   RO         6170    i.xTimerGenericCommand  timers.o
    0x0800ec54   0x00000018   Code   RO        10418    x$fpl$basic         g_wm.l(basic.o)
    0x0800ec6c   0x000002c4   Code   RO        10420    x$fpl$d2f           g_wm.l(d2f_clz.o)
    0x0800ef30   0x0000024c   Code   RO        10422    x$fpl$dadd          g_wm.l(daddsub_clz.o)
    0x0800f17c   0x00000018   Code   RO        10534    x$fpl$dcmpinf       g_wm.l(dcmpi.o)
    0x0800f194   0x0000037c   Code   RO        10429    x$fpl$ddiv          g_wm.l(ddiv_clz.o)
    0x0800f510   0x000000c8   Code   RO        10636    x$fpl$dfix          g_wm.l(dfix.o)
    0x0800f5d8   0x0000002e   Code   RO        10433    x$fpl$dflt          g_wm.l(dflt_clz.o)
    0x0800f606   0x0000001a   Code   RO        10434    x$fpl$dfltn         g_wm.l(dflt_clz.o)
    0x0800f620   0x00000026   Code   RO        10432    x$fpl$dfltu         g_wm.l(dflt_clz.o)
    0x0800f646   0x00000002   PAD
    0x0800f648   0x00000078   Code   RO        10438    x$fpl$dleqf         g_wm.l(dleqf.o)
    0x0800f6c0   0x000001c0   Code   RO        10440    x$fpl$dmul          g_wm.l(dmul_clz.o)
    0x0800f880   0x00000102   Code   RO        10536    x$fpl$dnaninf       g_wm.l(dnaninf.o)
    0x0800f982   0x00000070   Code   RO        10538    x$fpl$drenorm       g_wm.l(drenorm_clz.o)
    0x0800f9f2   0x0000000c   Code   RO        10540    x$fpl$dretinf       g_wm.l(dretinf.o)
    0x0800f9fe   0x00000062   Code   RO        10442    x$fpl$drleqf        g_wm.l(drleqf.o)
    0x0800fa60   0x00000050   Code   RO        10423    x$fpl$drsb          g_wm.l(daddsub_clz.o)
    0x0800fab0   0x00000208   Code   RO        10542    x$fpl$dsqrt         g_wm.l(dsqrt_umaalclz.o)
    0x0800fcb8   0x0000029c   Code   RO        10424    x$fpl$dsub          g_wm.l(daddsub_clz.o)
    0x0800ff54   0x0000017a   Code   RO        10544    x$fpl$dunder        g_wm.l(dunder_clz.o)
    0x080100ce   0x00000002   PAD
    0x080100d0   0x000001ec   Code   RO        10546    x$fpl$exception     g_wm.l(except.o)
    0x080102bc   0x0000007a   Code   RO        10444    x$fpl$f2d           g_wm.l(f2d.o)
    0x08010336   0x000000f2   Code   RO        10548    x$fpl$fnaninf       g_wm.l(fnaninf.o)
    0x08010428   0x0000000a   Code   RO        10727    x$fpl$fpinit        g_wm.l(fpinit.o)
    0x08010432   0x0000000a   Code   RO        10550    x$fpl$fretinf       g_wm.l(fretinf.o)
    0x0801043c   0x0000013c   Code   RO        10552    x$fpl$funder        g_wm.l(funder_clz.o)
    0x08010578   0x000000b2   Code   RO        10640    x$fpl$retnan        g_wm.l(retnan.o)
    0x0801062a   0x0000007e   Code   RO        10554    x$fpl$trapveneer    g_wm.l(trapv.o)
    0x080106a8   0x00000000   Code   RO        10556    x$fpl$usenofp       g_wm.l(usenofp.o)
    0x080106a8   0x00000302   Data   RO         6753    .constdata          crc.o
    0x080109aa   0x00000002   PAD
    0x080109ac   0x00000038   Data   RO         8359    .constdata          chassis_task.o
    0x080109e4   0x00000024   Data   RO         8641    .constdata          gimbal_task.o
    0x08010a08   0x00000050   Data   RO         9550    .constdata          inv_mpu.o
    0x08010a58   0x00000bf6   Data   RO         9867    .constdata          inv_mpu_dmp_motion_driver.o
    0x0801164e   0x00000002   PAD
    0x08011650   0x00000804   Data   RO        10309    .constdata          arm_cortexM4lf_math.lib(arm_common_tables.o)
    0x08011e54   0x00000011   Data   RO        10388    .constdata          c_w.l(__printf_flags_wp.o)
    0x08011e65   0x00000003   PAD
    0x08011e68   0x00000050   Data   RO        10449    .constdata          m_wm.l(asin.o)
    0x08011eb8   0x00000098   Data   RO        10560    .constdata          m_wm.l(atan.o)
    0x08011f50   0x00000030   Data   RO        10572    .constdata          m_wm.l(cos_i.o)
    0x08011f80   0x00000008   Data   RO        10592    .constdata          m_wm.l(qnan.o)
    0x08011f88   0x000000c8   Data   RO        10595    .constdata          m_wm.l(rred.o)
    0x08012050   0x00000028   Data   RO        10599    .constdata          m_wm.l(sin_i.o)
    0x08012078   0x0000004d   Data   RO         9551    .conststring        inv_mpu.o
    0x080120c5   0x00000003   PAD
    0x080120c8   0x00000020   Data   RO        10779    Region$$Table       anon$$obj.o


    Execution Region RW_IRAM1 (Base: 0x20000000, Size: 0x00021b28, Max: 0x00030000, ABSOLUTE, COMPRESSED[0x000000a0])

    Base Addr    Size         Type   Attr      Idx    E Section Name        Object

    0x20000000   0x00000014   Data   RW          207    .data               system_stm32f4xx.o
    0x20000014   0x00000010   Data   RW         3156    .data               stm32f4xx_rcc.o
    0x20000024   0x0000003c   Data   RW         5839    .data               tasks.o
    0x20000060   0x00000014   Data   RW         6176    .data               timers.o
    0x20000074   0x00000018   Data   RW         6306    .data               heap_4.o
    0x2000008c   0x0000000c   Data   RW         6368    .data               port.o
    0x20000098   0x0000000e   Data   RW         6562    .data               main.o
    0x200000a6   0x00000002   Data   RW         6754    .data               crc.o
    0x200000a8   0x00000045   Data   RW         6825    .data               judge.o
    0x200000ed   0x00000003   PAD
    0x200000f0   0x00000038   Data   RW         6952    .data               vision.o
    0x20000128   0x00000008   Data   RW         7385    .data               delay.o
    0x20000130   0x0000000c   Data   RW         7931    .data               usart6.o
    0x2000013c   0x00000018   Data   RW         7992    .data               magazine.o
    0x20000154   0x00000004   Data   RW         8122    .data               super_cap.o
    0x20000158   0x0000000a   Data   RW         8189    .data               uart7.o
    0x20000162   0x00000002   PAD
    0x20000164   0x000000e4   Data   RW         8360    .data               chassis_task.o
    0x20000248   0x00000008   Data   RW         8559    .data               freertos_middleware.o
    0x20000250   0x00000138   Data   RW         8642    .data               gimbal_task.o
    0x20000388   0x00000002   Data   RW         8919    .data               remote_control.o
    0x2000038a   0x00000002   PAD
    0x2000038c   0x00000024   Data   RW         8990    .data               start_task.o
    0x200003b0   0x0000000d   Data   RW         9070    .data               chassis_behaviour.o
    0x200003bd   0x00000003   PAD
    0x200003c0   0x0000011b   Data   RW         9130    .data               shoot_task.o
    0x200004db   0x00000001   PAD
    0x200004dc   0x00000018   Data   RW         9307    .data               gimbal_key_control.o
    0x200004f4   0x00000035   Data   RW         9552    .data               inv_mpu.o
    0x20000529   0x00000003   PAD
    0x2000052c   0x00000040   Zero   RW         5571    .bss                queue.o
    0x2000056c   0x000002e4   Zero   RW         5838    .bss                tasks.o
    0x20000850   0x00000028   Zero   RW         6175    .bss                timers.o
    0x20000878   0x00020000   Zero   RW         6305    .bss                heap_4.o
    0x20020878   0x00000062   Zero   RW         6824    .bss                judge.o
    0x200208da   0x00000002   PAD
    0x200208dc   0x0000005e   Zero   RW         6951    .bss                vision.o
    0x2002093a   0x00000258   Zero   RW         7930    .bss                usart6.o
    0x20020b92   0x00000190   Zero   RW         8188    .bss                uart7.o
    0x20020d22   0x00000002   PAD
    0x20020d24   0x00000028   Zero   RW         8259    .bss                can_receive.o
    0x20020d4c   0x00000420   Zero   RW         8358    .bss                chassis_task.o
    0x2002116c   0x000004b4   Zero   RW         8640    .bss                gimbal_task.o
    0x20021620   0x00000060   Zero   RW         8918    .bss                remote_control.o
    0x20021680   0x00000024   Zero   RW         9129    .bss                shoot_task.o
    0x200216a4   0x00000010   Zero   RW         9306    .bss                gimbal_key_control.o
    0x200216b4   0x00000010   Zero   RW         9866    .bss                inv_mpu_dmp_motion_driver.o
    0x200216c4   0x00000060   Zero   RW        10643    .bss                c_w.l(libspace.o)
    0x20021724   0x00000004   PAD
    0x20021728   0x00000000   Zero   RW            2    HEAP                startup_stm32f427xx.o
    0x20021728   0x00000400   Zero   RW            1    STACK               startup_stm32f427xx.o


==============================================================================

Image component sizes


      Code (inc. data)   RO Data    RW Data    ZI Data      Debug   Object Name

       128         10          0          0          0       1135   adc.o
       200         14          0          0          0       1323   buzzer.o
       548         16          0          0          0       2118   can.o
       940         44          0          0         40       4805   can_receive.o
       236         42          0         13          0       1278   chassis_behaviour.o
      7016        850         56        228       1056      41012   chassis_task.o
       200         14        770          2          0       3441   crc.o
         0          0          0          0          0       7236   croutine.o
       268         26          0          8          0       2207   delay.o
         0          0          0          0          0      11820   event_groups.o
        66          8          0          8          0       2442   freertos_middleware.o
       248         14          0          0          0       1249   fric.o
       440         72          0         24         16       2886   gimbal_key_control.o
      5108        732         36        312       1204      29406   gimbal_task.o
       692         62          0         24     131072       4535   heap_4.o
      6938        318        157         53          0      32628   inv_mpu.o
      3128        138       3062          0         16      21478   inv_mpu_dmp_motion_driver.o
       552        110          0         69         98       8329   judge.o
        80         12          0          0          0       1073   laser.o
       256         38          0          0          0       3196   led.o
       148          0          0          0          0       3310   list.o
       748         90          0         24          0      11263   magazine.o
       606         28          0         14          0       5229   main.o
       180         24          0          0          0       2081   misc.o
        60          4          0          0          0        600   motor_driver.o
       688          0          0          0          0       7259   mpu6050.o
       692        108          0          0          0       4562   myiic.o
       668         12          0          0          0       2954   pid.o
       922         86          0         12          0      11186   port.o
       136         18          0          0          0       1848   power_ctrl.o
      2088         22          0          0         64      17285   queue.o
       332         20          0          0          0       1314   rc.o
       466         28          0          2         96       6156   remote_control.o
      4616        746          0        283         36      22440   shoot_task.o
       586        178          0         36          0       6021   start_task.o
        76         28        428          0       1024        892   startup_stm32f427xx.o
       382         34          0          0          0       4372   stm32f4xx_adc.o
      1566         16          0          0          0       6434   stm32f4xx_can.o
       584         40          0          0          0       6748   stm32f4xx_dma.o
       222          0          0          0          0       2883   stm32f4xx_gpio.o
        20          0          0          0          0     336733   stm32f4xx_it.o
       392         48          0         16          0       5861   stm32f4xx_rcc.o
      1328        120          0          0          0      11505   stm32f4xx_tim.o
       680         42          0          0          0       6134   stm32f4xx_usart.o
        88         10          0          4          0       1987   super_cap.o
       392         32          0         20          0       1881   system_stm32f4xx.o
      3290        422          0         60        740      24817   tasks.o
       528         22          0          0          0       2180   timer.o
      1138        116          0         20         40      17507   timers.o
       608         36          0         10        400       2496   uart7.o
       604         40          0         12        600       5274   usart6.o
       306          4          0          0          0       4323   user_lib.o
       448         92          0         56         94     272923   vision.o

    ----------------------------------------------------------------------
     52680       4986       4548       1324     136600    1002055   Object Totals
         0          0         32          0          0          0   (incl. Generated)
        48          0          7         14          4          0   (incl. Padding)

    ----------------------------------------------------------------------

      Code (inc. data)   RO Data    RW Data    ZI Data      Debug   Library Member Name

         0          0       2052          0          0       4636   arm_common_tables.o
       120         12          0          0          0      16970   arm_cos_f32.o
       116         12          0          0          0        658   arm_sin_f32.o
        90          0          0          0          0          0   __dczerorl2.o
         8          0          0          0          0         68   __main.o
       312          4         17          0          0         92   __printf_flags_wp.o
        14          0          0          0          0         68   __printf_wp.o
         0          0          0          0          0          0   __rtentry.o
        12          0          0          0          0          0   __rtentry2.o
         6          0          0          0          0          0   __rtentry4.o
        52          8          0          0          0          0   __scatter.o
        28          0          0          0          0          0   __scatter_zi.o
        48          4          0          0          0         84   _fptrap.o
        48          6          0          0          0         96   _printf_char_common.o
        36          4          0          0          0         80   _printf_char_file.o
         6          0          0          0          0          0   _printf_d.o
       120         16          0          0          0         92   _printf_dec.o
       178          0          0          0          0         88   _printf_intcommon.o
         0          0          0          0          0          0   _printf_percent.o
         4          0          0          0          0          0   _printf_percent_end.o
        22          0          0          0          0        100   _rserrno.o
        16          0          0          0          0         68   aeabi_memset.o
        10          0          0          0          0         68   defsig_exit.o
       172        110          0          0          0         76   defsig_fpe_inner.o
        14          0          0          0          0         80   defsig_fpe_outer.o
        50          0          0          0          0         88   defsig_general.o
        18          0          0          0          0         80   exit.o
         8          0          0          0          0         68   ferror.o
         6          0          0          0          0        152   heapauxi.o
         2          0          0          0          0          0   libinit.o
         6          0          0          0          0          0   libinit2.o
         2          0          0          0          0          0   libshutdown.o
         2          0          0          0          0          0   libshutdown2.o
         8          4          0          0         96         68   libspace.o
        72          0          0          0          0         76   llsdiv.o
       238          0          0          0          0        100   lludivv7m.o
        88          0          0          0          0         76   memcmp.o
        24          4          0          0          0         84   noretval__2printf.o
         8          4          0          0          0         68   rt_errno_addr_intlibspace.o
        68          0          0          0          0         68   rt_memclr.o
        78          0          0          0          0         80   rt_memclr_w.o
       138          0          0          0          0         68   rt_memcpy_v6.o
       100          0          0          0          0         80   rt_memcpy_w.o
         2          0          0          0          0          0   rtexit.o
        10          0          0          0          0          0   rtexit2.o
        74          0          0          0          0         80   sys_stackheap_outer.o
         2          0          0          0          0         68   use_no_semi.o
         2          0          0          0          0         68   use_no_semi_2.o
        24          0          0          0          0        164   basic.o
       708         16          0          0          0        140   d2f_clz.o
      1336         32          0          0          0        532   daddsub_clz.o
        24          0          0          0          0        116   dcmpi.o
       892        152          0          0          0        292   ddiv_clz.o
       200         16          0          0          0        184   dfix.o
       110          0          0          0          0        348   dflt_clz.o
       120          8          0          0          0        140   dleqf.o
       448         16          0          0          0        164   dmul_clz.o
       258          4          0          0          0        156   dnaninf.o
       112          0          0          0          0        160   drenorm_clz.o
        12          0          0          0          0        116   dretinf.o
        98          0          0          0          0        128   drleqf.o
       520         56          0          0          0        180   dsqrt_umaalclz.o
       378          0          0          0          0        168   dunder_clz.o
       492         36          0          0          0        148   except.o
       122          8          0          0          0        132   f2d.o
       242          4          0          0          0        144   fnaninf.o
        10          0          0          0          0        116   fpinit.o
        10          0          0          0          0        116   fretinf.o
       316          0          0          0          0        132   funder_clz.o
       178          0          0          0          0        116   retnan.o
       126          0          0          0          0        148   trapv.o
         0          0          0          0          0          0   usenofp.o
       864         94         80          0          0        280   asin.o
       744        106        152          0          0        352   atan.o
       496         64          0          0          0        192   atan2.o
       200         20          0          0          0        164   cos.o
       368         46         48          0          0        200   cos_i.o
       104         16          0          0          0        496   dunder.o
        44          0          0          0          0        248   fabs.o
        48          0          0          0          0        124   fpclassify.o
       248          0          0          0          0        152   poly.o
         0          0          8          0          0          0   qnan.o
      1080        142        200          0          0        188   rred.o
       200         20          0          0          0        164   sin.o
       304         24         40          0          0        208   sin_i.o
       232          0          0          0          0        296   sqrt_full.o

    ----------------------------------------------------------------------
     14132       1068       2600          0        100      31800   Library Totals
        26          0          3          0          4          0   (incl. Padding)

    ----------------------------------------------------------------------

      Code (inc. data)   RO Data    RW Data    ZI Data      Debug   Library Name

       236         24       2052          0          0      22264   arm_cortexM4lf_math.lib
      2202        164         17          0         96       2432   c_w.l
      6736        348          0          0          0       4040   g_wm.l
      4932        532        528          0          0       3064   m_wm.l

    ----------------------------------------------------------------------
     14132       1068       2600          0        100      31800   Library Totals

    ----------------------------------------------------------------------

==============================================================================


      Code (inc. data)   RO Data    RW Data    ZI Data      Debug   

     66812       6054       7148       1324     136700     990603   Grand Totals
     66812       6054       7148        160     136700     990603   ELF Image Totals (compressed)
     66812       6054       7148        160          0          0   ROM Totals

==============================================================================

    Total RO  Size (Code + RO Data)                73960 (  72.23kB)
    Total RW  Size (RW Data + ZI Data)            138024 ( 134.79kB)
    Total ROM Size (Code + RO Data + RW Data)      74120 (  72.38kB)

==============================================================================

